Component: Arm Compiler for Embedded 6.19 Tool: armlink [5e73cb00]

==============================================================================

Section Cross References

    dhcp.o(.text.default_ip_assign) refers to dhcp.o(.bss..L_MergedGlobals.1) for .L_MergedGlobals.1
    dhcp.o(.text.default_ip_assign) refers to w5500.o(.text.WIZCHIP_WRITE_BUF) for WIZCHIP_WRITE_BUF
    dhcp.o(.ARM.exidx.text.default_ip_assign) refers to dhcp.o(.text.default_ip_assign) for [Anonymous Symbol]
    dhcp.o(.text.default_ip_update) refers to w5500.o(.text.WIZCHIP_WRITE) for WIZCHIP_WRITE
    dhcp.o(.text.default_ip_update) refers to w5500.o(.text.WIZCHIP_READ) for WIZCHIP_READ
    dhcp.o(.text.default_ip_update) refers to dhcp.o(.bss..L_MergedGlobals.1) for .L_MergedGlobals.1
    dhcp.o(.text.default_ip_update) refers to w5500.o(.text.WIZCHIP_WRITE_BUF) for WIZCHIP_WRITE_BUF
    dhcp.o(.ARM.exidx.text.default_ip_update) refers to dhcp.o(.text.default_ip_update) for [Anonymous Symbol]
    dhcp.o(.text.default_ip_conflict) refers to w5500.o(.text.WIZCHIP_WRITE) for WIZCHIP_WRITE
    dhcp.o(.text.default_ip_conflict) refers to w5500.o(.text.WIZCHIP_READ) for WIZCHIP_READ
    dhcp.o(.text.default_ip_conflict) refers to dhcp.o(.bss..L_MergedGlobals.1) for .L_MergedGlobals.1
    dhcp.o(.text.default_ip_conflict) refers to w5500.o(.text.WIZCHIP_WRITE_BUF) for WIZCHIP_WRITE_BUF
    dhcp.o(.ARM.exidx.text.default_ip_conflict) refers to dhcp.o(.text.default_ip_conflict) for [Anonymous Symbol]
    dhcp.o(.text.reg_dhcp_cbfunc) refers to dhcp.o(.data..L_MergedGlobals) for .L_MergedGlobals
    dhcp.o(.text.reg_dhcp_cbfunc) refers to dhcp.o(.text.default_ip_assign) for default_ip_assign
    dhcp.o(.text.reg_dhcp_cbfunc) refers to dhcp.o(.text.default_ip_update) for default_ip_update
    dhcp.o(.text.reg_dhcp_cbfunc) refers to dhcp.o(.text.default_ip_conflict) for default_ip_conflict
    dhcp.o(.ARM.exidx.text.reg_dhcp_cbfunc) refers to dhcp.o(.text.reg_dhcp_cbfunc) for [Anonymous Symbol]
    dhcp.o(.text.makeDHCPMSG) refers to w5500.o(.text.WIZCHIP_READ_BUF) for WIZCHIP_READ_BUF
    dhcp.o(.text.makeDHCPMSG) refers to dhcp.o(.bss..L_MergedGlobals.1) for .L_MergedGlobals.1
    dhcp.o(.text.makeDHCPMSG) refers to memseta.o(.text) for __aeabi_memclr
    dhcp.o(.ARM.exidx.text.makeDHCPMSG) refers to dhcp.o(.text.makeDHCPMSG) for [Anonymous Symbol]
    dhcp.o(.text.send_DHCP_DISCOVER) refers to w5500.o(.text.WIZCHIP_READ_BUF) for WIZCHIP_READ_BUF
    dhcp.o(.text.send_DHCP_DISCOVER) refers to dhcp.o(.bss..L_MergedGlobals.1) for .L_MergedGlobals.1
    dhcp.o(.text.send_DHCP_DISCOVER) refers to memseta.o(.text) for __aeabi_memclr
    dhcp.o(.text.send_DHCP_DISCOVER) refers to dhcp.o(.data.HOST_NAME) for HOST_NAME
    dhcp.o(.text.send_DHCP_DISCOVER) refers to socket.o(.text.sendto) for sendto
    dhcp.o(.ARM.exidx.text.send_DHCP_DISCOVER) refers to dhcp.o(.text.send_DHCP_DISCOVER) for [Anonymous Symbol]
    dhcp.o(.text.send_DHCP_REQUEST) refers to w5500.o(.text.WIZCHIP_READ_BUF) for WIZCHIP_READ_BUF
    dhcp.o(.text.send_DHCP_REQUEST) refers to dhcp.o(.bss..L_MergedGlobals.1) for .L_MergedGlobals.1
    dhcp.o(.text.send_DHCP_REQUEST) refers to memseta.o(.text) for __aeabi_memclr
    dhcp.o(.text.send_DHCP_REQUEST) refers to dhcp.o(.data.HOST_NAME) for HOST_NAME
    dhcp.o(.text.send_DHCP_REQUEST) refers to socket.o(.text.sendto) for sendto
    dhcp.o(.ARM.exidx.text.send_DHCP_REQUEST) refers to dhcp.o(.text.send_DHCP_REQUEST) for [Anonymous Symbol]
    dhcp.o(.text.send_DHCP_DECLINE) refers to w5500.o(.text.WIZCHIP_READ_BUF) for WIZCHIP_READ_BUF
    dhcp.o(.text.send_DHCP_DECLINE) refers to dhcp.o(.bss..L_MergedGlobals.1) for .L_MergedGlobals.1
    dhcp.o(.text.send_DHCP_DECLINE) refers to memseta.o(.text) for __aeabi_memclr
    dhcp.o(.text.send_DHCP_DECLINE) refers to socket.o(.text.sendto) for sendto
    dhcp.o(.ARM.exidx.text.send_DHCP_DECLINE) refers to dhcp.o(.text.send_DHCP_DECLINE) for [Anonymous Symbol]
    dhcp.o(.text.parseDHCPMSG) refers to dhcp.o(.bss..L_MergedGlobals.1) for .L_MergedGlobals.1
    dhcp.o(.text.parseDHCPMSG) refers to w5500.o(.text.getSn_RX_RSR) for getSn_RX_RSR
    dhcp.o(.text.parseDHCPMSG) refers to socket.o(.text.recvfrom) for recvfrom
    dhcp.o(.text.parseDHCPMSG) refers to dhcp.o(.data..L_MergedGlobals) for .L_MergedGlobals
    dhcp.o(.ARM.exidx.text.parseDHCPMSG) refers to dhcp.o(.text.parseDHCPMSG) for [Anonymous Symbol]
    dhcp.o(.text.DHCP_run) refers to dhcp.o(.bss..L_MergedGlobals.1) for .L_MergedGlobals.1
    dhcp.o(.text.DHCP_run) refers to w5500.o(.text.WIZCHIP_READ) for WIZCHIP_READ
    dhcp.o(.text.DHCP_run) refers to socket.o(.text.socket) for socket
    dhcp.o(.text.DHCP_run) refers to dhcp.o(.text.parseDHCPMSG) for parseDHCPMSG
    dhcp.o(.text.DHCP_run) refers to dhcp.o(.text.send_DHCP_DISCOVER) for send_DHCP_DISCOVER
    dhcp.o(.text.DHCP_run) refers to dhcp.o(.text.send_DHCP_REQUEST) for send_DHCP_REQUEST
    dhcp.o(.text.DHCP_run) refers to w5500.o(.text.WIZCHIP_WRITE) for WIZCHIP_WRITE
[...]
    eMBFuncWriteHoldingRegister              0x0800e289   Thumb Code    52  mbfuncholding.o(.text.eMBFuncWriteHoldingRegister)
    eMBFuncWriteMultipleCoils                0x0800e2bd   Thumb Code   106  mbfunccoils.o(.text.eMBFuncWriteMultipleCoils)
    eMBFuncWriteMultipleHoldingRegister      0x0800e329   Thumb Code    84  mbfuncholding.o(.text.eMBFuncWriteMultipleHoldingRegister)
    eMBGetRegHoldingBufBase                  0x0800e37d   Thumb Code    20  mbcb.o(.text.eMBGetRegHoldingBufBase)
    eMBInit                                  0x0800e391   Thumb Code   168  mb.o(.text.eMBInit)
    eMBPoll                                  0x0800e439   Thumb Code   440  mb.o(.text.eMBPoll)
    eMBRTUInit                               0x0800e5f1   Thumb Code    86  mbrtu.o(.text.eMBRTUInit)
    eMBRTUReceive                            0x0800e649   Thumb Code    88  mbrtu.o(.text.eMBRTUReceive)
    eMBRTUSend                               0x0800e6a1   Thumb Code   120  mbrtu.o(.text.eMBRTUSend)
    eMBRTUStart                              0x0800e719   Thumb Code    38  mbrtu.o(.text.eMBRTUStart)
    eMBRTUStop                               0x0800e741   Thumb Code    26  mbrtu.o(.text.eMBRTUStop)
    eMBRegCoilsCB                            0x0800e75d   Thumb Code   144  mbcb.o(.text.eMBRegCoilsCB)
    eMBRegDiscreteCB                         0x0800e7ed   Thumb Code    82  mbcb.o(.text.eMBRegDiscreteCB)
    eMBRegHoldingCB                          0x0800e841   Thumb Code   414  mbcb.o(.text.eMBRegHoldingCB)
    eMBRegInputCB                            0x0800e9e1   Thumb Code   206  mbcb.o(.text.eMBRegInputCB)
    getSn_RX_RSR                             0x0800eab1   Thumb Code   458  w5500.o(.text.getSn_RX_RSR)
    getSn_TX_FSR                             0x0800ec7d   Thumb Code   458  w5500.o(.text.getSn_TX_FSR)
    main                                     0x0800ee49   Thumb Code   166  main.o(.text.main)
    my_console_logger                        0x0800eef1   Thumb Code    36  log.o(.text.my_console_logger)
    period_query_user                        0x0800ef25   Thumb Code    32  hdl_g4_cpu_time.o(.text.period_query_user)
    prveMBError2Exception                    0x0800ef45   Thumb Code    26  mbutils.o(.text.prveMBError2Exception)
    prvvTIMERExpiredISR                      0x0800ef61   Thumb Code    12  porttimer.o(.text.prvvTIMERExpiredISR)
    recvfrom                                 0x0800ef6d   Thumb Code   590  socket.o(.text.recvfrom)
    reg_wizchip_cris_cbfunc                  0x0800f1bd   Thumb Code    56  wizchip_conf.o(.text.reg_wizchip_cris_cbfunc)
    reg_wizchip_cs_cbfunc                    0x0800f1f5   Thumb Code    56  wizchip_conf.o(.text.reg_wizchip_cs_cbfunc)
    reg_wizchip_spi_cbfunc                   0x0800f22d   Thumb Code    68  wizchip_conf.o(.text.reg_wizchip_spi_cbfunc)
    resistanceToTemperature_B3950            0x0800f271   Thumb Code   132  ntc_resistance.o(.text.resistanceToTemperature_B3950)
    sendto                                   0x0800f2f5   Thumb Code   392  socket.o(.text.sendto)
    serialReceiveOneByteISR                  0x0800f47d   Thumb Code    12  portserial.o(.text.serialReceiveOneByteISR)
    serialSentOneByteISR                     0x0800f489   Thumb Code    12  portserial.o(.text.serialSentOneByteISR)
    socket                                   0x0800f495   Thumb Code   430  socket.o(.text.socket)
    ulog_init                                0x0800f645   Thumb Code    18  ulog.o(.text.ulog_init)
    ulog_init_user                           0x0800f659   Thumb Code    24  log.o(.text.ulog_init_user)
    ulog_level_name                          0x0800f671   Thumb Code    20  ulog.o(.text.ulog_level_name)
    ulog_message                             0x0800f6a9   Thumb Code   188  ulog.o(.text.ulog_message)
    ulog_subscribe                           0x0800f765   Thumb Code   192  ulog.o(.text.ulog_subscribe)
    usMBCRC16                                0x0800f825   Thumb Code   212  mbcrc.o(.text.usMBCRC16)
    vMBPortSerialEnable                      0x0800f8f9   Thumb Code   308  portserial.o(.text.vMBPortSerialEnable)
    vMBPortTimersDisable                     0x0800fa2d   Thumb Code     6  porttimer.o(.text.vMBPortTimersDisable)
    vMBPortTimersEnable                      0x0800fa35   Thumb Code    24  porttimer.o(.text.vMBPortTimersEnable)
    wiz_recv_data                            0x0800fa4d   Thumb Code   490  w5500.o(.text.wiz_recv_data)
    wiz_recv_ignore                          0x0800fc39   Thumb Code   372  w5500.o(.text.wiz_recv_ignore)
    wiz_send_data                            0x0800fdad   Thumb Code   490  w5500.o(.text.wiz_send_data)
    wizchip_bus_readdata                     0x0800ff99   Thumb Code     4  wizchip_conf.o(.text.wizchip_bus_readdata)
    wizchip_bus_writedata                    0x0800ff9d   Thumb Code     4  wizchip_conf.o(.text.wizchip_bus_writedata)
    wizchip_clrinterrupt                     0x0800ffa1   Thumb Code   166  wizchip_conf.o(.text.wizchip_clrinterrupt)
    wizchip_cris_enter                       0x08010049   Thumb Code     2  wizchip_conf.o(.text.wizchip_cris_enter)
    wizchip_cris_exit                        0x0801004d   Thumb Code     2  wizchip_conf.o(.text.wizchip_cris_exit)
    wizchip_cs_deselect                      0x08010051   Thumb Code     2  wizchip_conf.o(.text.wizchip_cs_deselect)
    wizchip_cs_select                        0x08010055   Thumb Code     2  wizchip_conf.o(.text.wizchip_cs_select)
    wizchip_init                             0x08010059   Thumb Code   452  wizchip_conf.o(.text.wizchip_init)
    wizchip_spi_readbyte                     0x0801021d   Thumb Code     4  wizchip_conf.o(.text.wizchip_spi_readbyte)
    wizchip_spi_writebyte                    0x08010221   Thumb Code     2  wizchip_conf.o(.text.wizchip_spi_writebyte)
    wizchip_sw_reset                         0x08010225   Thumb Code   128  wizchip_conf.o(.text.wizchip_sw_reset)
    wizphy_setphyconf                        0x080102a5   Thumb Code   112  wizchip_conf.o(.text.wizphy_setphyconf)
    wizphy_setphypmode                       0x08010315   Thumb Code   120  wizchip_conf.o(.text.wizphy_setphypmode)
    xMBPortEventGet                          0x0801038d   Thumb Code    32  portevent.o(.text.xMBPortEventGet)
    xMBPortEventInit                         0x080103ad   Thumb Code    16  portevent.o(.text.xMBPortEventInit)
    xMBPortEventPost                         0x080103bd   Thumb Code    20  portevent.o(.text.xMBPortEventPost)
    xMBPortSerialGetByte                     0x080103d1   Thumb Code    18  portserial.o(.text.xMBPortSerialGetByte)
    xMBPortSerialInit                        0x080103e5   Thumb Code    84  portserial.o(.text.xMBPortSerialInit)
    xMBPortSerialPutByte                     0x08010439   Thumb Code    16  portserial.o(.text.xMBPortSerialPutByte)
    xMBPortTimersInit                        0x08010449   Thumb Code    28  porttimer.o(.text.xMBPortTimersInit)
    xMBRTUReceiveFSM                         0x08010465   Thumb Code   106  mbrtu.o(.text.xMBRTUReceiveFSM)
    xMBRTUTimerT35Expired                    0x080104d1   Thumb Code    42  mbrtu.o(.text.xMBRTUTimerT35Expired)
    xMBRTUTransmitFSM                        0x080104fd   Thumb Code    84  mbrtu.o(.text.xMBRTUTransmitFSM)
    xMBUtilGetBits                           0x08010551   Thumb Code    28  mbutils.o(.text.xMBUtilGetBits)
    xMBUtilSetBits                           0x0801056d   Thumb Code    52  mbutils.o(.text.xMBUtilSetBits)
    __0vsnprintf                             0x080105a1   Thumb Code    46  printfa.o(i.__0vsnprintf)
    __1vsnprintf                             0x080105a1   Thumb Code     0  printfa.o(i.__0vsnprintf)
    __2vsnprintf                             0x080105a1   Thumb Code     0  printfa.o(i.__0vsnprintf)
    __c89vsnprintf                           0x080105a1   Thumb Code     0  printfa.o(i.__0vsnprintf)
    vsnprintf                                0x080105a1   Thumb Code     0  printfa.o(i.__0vsnprintf)
    __hardfp_log                             0x080105d9   Thumb Code   872  log.o(i.__hardfp_log)
    __kernel_poly                            0x0801099d   Thumb Code   248  poly.o(i.__kernel_poly)
    __mathlib_dbl_divzero                    0x08010a99   Thumb Code    28  dunder.o(i.__mathlib_dbl_divzero)
    __mathlib_dbl_infnan                     0x08010ac9   Thumb Code    20  dunder.o(i.__mathlib_dbl_infnan)
    __mathlib_dbl_invalid                    0x08010ae1   Thumb Code    24  dunder.o(i.__mathlib_dbl_invalid)
    __scatterload_copy                       0x08010b01   Thumb Code    14  handlers.o(i.__scatterload_copy)
    __scatterload_null                       0x08010b0f   Thumb Code     2  handlers.o(i.__scatterload_null)
    __scatterload_zeroinit                   0x08010b11   Thumb Code    14  handlers.o(i.__scatterload_zeroinit)
    __set_errno                              0x08010b21   Thumb Code     6  errno.o(i.__set_errno)
    malloc                                   0x080113f5   Thumb Code    92  malloc.o(i.malloc)
    __mathlib_zero                           0x08011498   Data           8  qnan.o(.constdata)
    AHBPrescTable                            0x080114a0   Data          16  system_stm32g4xx.o(.rodata.AHBPrescTable)
    APBPrescTable                            0x080114b0   Data           8  system_stm32g4xx.o(.rodata.APBPrescTable)
    s_CRCLo                                  0x080117c8   Data         256  crc.o(.rodata.s_CRCLo)
    sysinfo_default                          0x08011d1c   Data          76  app_main.o(.rodata.sysinfo_default)
    Region$$Table$$Base                      0x08011d68   Number         0  anon$$obj.o(Region$$Table)
    Region$$Table$$Limit                     0x08011d88   Number         0  anon$$obj.o(Region$$Table)
    __microlib_freelist                      0x20000000   Data           4  mvars.o(.data)
    __microlib_freelist_initialised          0x20000004   Data           4  mvars.o(.data)
    g_mcp4017t_i2c_channel_map               0x2000000c   Data           6  sysmeasure.o(.data..L_MergedGlobals)
    sensor_calibration_list                  0x20000014   Data          24  sysmeasure.o(.data..L_MergedGlobals)
    uwTickPrio                               0x2000002c   Data           4  stm32g4xx_hal.o(.data..L_MergedGlobals)
    uwTickFreq                               0x20000030   Data           4  stm32g4xx_hal.o(.data..L_MergedGlobals)
    COM1_Dev                                 0x20000034   Data          20  hdl_g4_uart.o(.data..L_MergedGlobals)
    COM2_Dev                                 0x20000048   Data          20  hdl_g4_uart.o(.data..L_MergedGlobals)
    COM3_Dev                                 0x2000005c   Data          20  hdl_g4_uart.o(.data..L_MergedGlobals)
    CDC_Desc                                 0x20000070   Data          32  usbd_desc.o(.data.CDC_Desc)
    COM4_Dev                                 0x20000090   Data          20  hdl_g4_uart.o(.data.COM4_Dev)
    COM5_Dev                                 0x200000a4   Data          20  hdl_g4_uart.o(.data.COM5_Dev)
    COM6_Dev                                 0x200000b8   Data          20  hdl_g4_uart.o(.data.COM6_Dev)
    SystemCoreClock                          0x200000cc   Data           4  system_stm32g4xx.o(.data.SystemCoreClock)
    USBD_CDC                                 0x200000d0   Data          56  usbd_cdc.o(.data.USBD_CDC)
    USBD_CDC_DeviceDesc                      0x20000190   Data          18  usbd_desc.o(.data.USBD_CDC_DeviceDesc)
    USBD_Interface_fops_FS                   0x200001f4   Data          20  usbd_cdc_if.o(.data.USBD_Interface_fops_FS)
    USBD_LangIDDesc                          0x20000208   Data           4  usbd_desc.o(.data.USBD_LangIDDesc)
    USBD_StringSerial                        0x2000020c   Data          26  usbd_desc.o(.data.USBD_StringSerial)
    WIZCHIP                                  0x20000228   Data          44  wizchip_conf.o(.data.WIZCHIP)
    gWIZNETINFO                              0x20000258   Data          23  app_ethernet.o(.data.gWIZNETINFO)
    pFlash                                   0x20000274   Data          32  stm32g4xx_hal_flash.o(.data.pFlash)
    ucRegCoilsBuf                            0x200003ba   Data           2  mbcb.o(.data.ucRegCoilsBuf)
    ucRegDiscreteBuf                         0x200003bc   Data           2  mbcb.o(.data.ucRegDiscreteBuf)
    usRegInputBuf                            0x200003be   Data          16  mbcb.o(.data.usRegInputBuf)
    sysinfo                                  0x2000045c   Data          76  app_main.o(.bss..L_MergedGlobals)
    g_led_direction                          0x200004a8   Data           1  bfl_led.o(.bss..L_MergedGlobals)
    g_led_brightness                         0x200004aa   Data           2  bfl_led.o(.bss..L_MergedGlobals)
    hdma_adc1                                0x200004b4   Data          96  adc.o(.bss..L_MergedGlobals)
    uwCpuTick                                0x20000514   Data           4  hdl_g4_cpu_time.o(.bss..L_MergedGlobals)
    pxMBFrameCBByteReceived                  0x20000544   Data           4  mb.o(.bss..L_MergedGlobals)
    pxMBFrameCBTransmitterEmpty              0x20000548   Data           4  mb.o(.bss..L_MergedGlobals)
    pxMBPortCBTimerExpired                   0x2000054c   Data           4  mb.o(.bss..L_MergedGlobals)
    usRegHoldingStart                        0x20000560   Data           2  mbcb.o(.bss..L_MergedGlobals)
    usRegHoldingBuf                          0x20000562   Data          64  mbcb.o(.bss..L_MergedGlobals)
    sock_pack_info                           0x200005ca   Data           8  socket.o(.bss..L_MergedGlobals)
    wiper_setting                            0x20000648   Data           1  sysmeasure.o(.bss..L_MergedGlobals.4)
    wiper_setting_bak                        0x20000649   Data           1  sysmeasure.o(.bss..L_MergedGlobals.4)
    g_current_refference_resistance          0x2000065c   Data           4  sysmeasure.o(.bss..L_MergedGlobals.4)
    g_voltage_ref_resistance_map             0x20000660   Data          16  sysmeasure.o(.bss..L_MergedGlobals.4)
    USBD_StrDesc                             0x200006bc   Data         512  usbd_desc.o(.bss.USBD_StrDesc)
    UserRxBufferFS                           0x20000adc   Data        2048  usbd_cdc_if.o(.bss.UserRxBufferFS)
    UserTxBufferFS                           0x200012dc   Data        2048  usbd_cdc_if.o(.bss.UserTxBufferFS)
    gDATABUF                                 0x20001c08   Data        2048  app_ethernet.o(.bss.gDATABUF)
    g_mcp4017t_104_chip_list                 0x20002408   Data          48  sysmeasure.o(.bss.g_mcp4017t_104_chip_list)
    g_ref_current_list                       0x20002438   Data         512  sysmeasure.o(.bss.g_ref_current_list)
    hUsbDeviceFS                             0x2000263c   Data         720  usb_device.o(.bss.hUsbDeviceFS)
    hadc1                                    0x2000290c   Data         108  adc.o(.bss.hadc1)
    hadc2                                    0x20002978   Data         108  adc.o(.bss.hadc2)
    hadc3                                    0x200029e4   Data         108  adc.o(.bss.hadc3)
    hadc4                                    0x20002a50   Data         108  adc.o(.bss.hadc4)
    hadc5                                    0x20002abc   Data         108  adc.o(.bss.hadc5)
    hdma_adc2                                0x20002b28   Data          96  adc.o(.bss.hdma_adc2)
    hdma_adc3                                0x20002b88   Data          96  adc.o(.bss.hdma_adc3)
    hdma_adc4                                0x20002be8   Data          96  adc.o(.bss.hdma_adc4)
    hdma_adc5                                0x20002c48   Data          96  adc.o(.bss.hdma_adc5)
    hdma_spi3_tx                             0x20002ca8   Data          96  spi.o(.bss.hdma_spi3_tx)
    hi2c1                                    0x20002d08   Data          84  i2c.o(.bss.hi2c1)
    hpcd_USB_FS                              0x20002d5c   Data         732  usbd_conf.o(.bss.hpcd_USB_FS)
    hspi3                                    0x20003038   Data         100  spi.o(.bss.hspi3)
    htim3                                    0x2000309c   Data          76  tim.o(.bss.htim3)
    sysmeasure_data                          0x20003898   Data        6700  sysmeasure.o(.bss.sysmeasure_data)
    ucRTUBuf                                 0x200052c4   Data         256  mbrtu.o(.bss.ucRTUBuf)
    usRegInputStart                          0x200053c4   Data           2  mbcb.o(.bss.usRegInputStart)
    uwTick                                   0x200053c8   Data           4  stm32g4xx_hal.o(.bss.uwTick)
    __heap_base                              0x200053d0   Data           0  startup_stm32g473xx.o(HEAP)
    __heap_limit                             0x20005bd0   Data           0  startup_stm32g473xx.o(HEAP)
    __initial_sp                             0x200063d0   Data           0  startup_stm32g473xx.o(STACK)



==============================================================================

Memory Map of the image

  Image Entry point : 0x080001d9

  Load Region LR_IROM1 (Base: 0x08000000, Size: 0x000121d8, Max: 0x00020000, ABSOLUTE, COMPRESSED[0x00011f00])

    Execution Region ER_IROM1 (Exec base: 0x08000000, Load base: 0x08000000, Size: 0x00011d88, Max: 0x00020000, ABSOLUTE)

    Exec Addr    Load Addr    Size         Type   Attr      Idx    E Section Name        Object

    0x08000000   0x08000000   0x000001d8   Data   RO          387    RESET               startup_stm32g473xx.o
    0x080001d8   0x080001d8   0x00000000   Code   RO         3393  * .ARM.Collect$$$$00000000  mc_w.l(entry.o)
    0x080001d8   0x080001d8   0x00000004   Code   RO         3734    .ARM.Collect$$$$00000001  mc_w.l(entry2.o)
    0x080001dc   0x080001dc   0x00000004   Code   RO         3737    .ARM.Collect$$$$00000004  mc_w.l(entry5.o)
    0x080001e0   0x080001e0   0x00000000   Code   RO         3739    .ARM.Collect$$$$00000008  mc_w.l(entry7b.o)
    0x080001e0   0x080001e0   0x00000000   Code   RO         3741    .ARM.Collect$$$$0000000A  mc_w.l(entry8b.o)
    0x080001e0   0x080001e0   0x00000008   Code   RO         3742    .ARM.Collect$$$$0000000B  mc_w.l(entry9a.o)
    0x080001e8   0x080001e8   0x00000000   Code   RO         3744    .ARM.Collect$$$$0000000D  mc_w.l(entry10a.o)
    0x080001e8   0x080001e8   0x00000000   Code   RO         3746    .ARM.Collect$$$$0000000F  mc_w.l(entry11a.o)
    0x080001e8   0x080001e8   0x00000004   Code   RO         3735    .ARM.Collect$$$$00002712  mc_w.l(entry2.o)
    0x080001ec   0x080001ec   0x00000024   Code   RO          388    .text               startup_stm32g473xx.o
    0x08000210   0x08000210   0x00000024   Code   RO         3396    .text               mc_w.l(memcpya.o)
    0x08000234   0x08000234   0x00000024   Code   RO         3398    .text               mc_w.l(memseta.o)
    0x08000258   0x08000258   0x0000001a   Code   RO         3406    .text               mc_w.l(memcmp.o)
    0x08000272   0x08000272   0x0000014e   Code   RO         3701    .text               mf_w.l(dadd.o)
    0x080003c0   0x080003c0   0x000000e4   Code   RO         3703    .text               mf_w.l(dmul.o)
    0x080004a4   0x080004a4   0x000000de   Code   RO         3705    .text               mf_w.l(ddiv.o)
    0x08000582   0x08000582   0x00000022   Code   RO         3709    .text               mf_w.l(dflti.o)
    0x080005a4   0x080005a4   0x00000026   Code   RO         3713    .text               mf_w.l(f2d.o)
    0x080005ca   0x080005ca   0x00000038   Code   RO         3715    .text               mf_w.l(d2f.o)
    0x08000602   0x08000602   0x0000002c   Code   RO         3762    .text               mc_w.l(uidiv.o)
    0x0800062e   0x0800062e   0x00000062   Code   RO         3764    .text               mc_w.l(uldiv.o)
    0x08000690   0x08000690   0x0000001e   Code   RO         3766    .text               mc_w.l(llshl.o)
    0x080006ae   0x080006ae   0x00000020   Code   RO         3768    .text               mc_w.l(llushr.o)
    0x080006ce   0x080006ce   0x00000024   Code   RO         3770    .text               mc_w.l(llsshr.o)
    0x080006f2   0x080006f2   0x00000000   Code   RO         3781    .text               mc_w.l(iusefp.o)
    0x080006f2   0x080006f2   0x0000006e   Code   RO         3782    .text               mf_w.l(fepilogue.o)
    0x08000760   0x08000760   0x000000ba   Code   RO         3784    .text               mf_w.l(depilogue.o)
    0x0800081a   0x0800081a   0x00000030   Code   RO         3788    .text               mf_w.l(dfixul.o)
    0x0800084a   0x0800084a   0x00000002   PAD
    0x0800084c   0x0800084c   0x00000030   Code   RO         3790    .text               mf_w.l(cdcmple.o)
    0x0800087c   0x0800087c   0x00000030   Code   RO         3792    .text               mf_w.l(cdrcmple.o)
    0x080008ac   0x080008ac   0x00000024   Code   RO         3794    .text               mc_w.l(init.o)
    0x080008d0   0x080008d0   0x00000056   Code   RO         3806    .text               mc_w.l(__dczerorl2.o)
    0x08000926   0x08000926   0x00000002   PAD
    0x08000928   0x08000928   0x00000062   Code   RO         1453    .text.ADC_DMAConvCplt  stm32g4xx_hal_adc.o
    0x0800098a   0x0800098a   0x00000002   PAD
    0x0800098c   0x0800098c   0x00000016   Code   RO         1457    .text.ADC_DMAError  stm32g4xx_hal_adc.o
    0x080009a2   0x080009a2   0x00000002   PAD
    0x080009a4   0x080009a4   0x00000006   Code   RO         1455    .text.ADC_DMAHalfConvCplt  stm32g4xx_hal_adc.o
    0x080009aa   0x080009aa   0x00000002   PAD
    0x080009ac   0x080009ac   0x0000007c   Code   RO         1433    .text.ADC_Disable   stm32g4xx_hal_adc.o
    0x08000a28   0x08000a28   0x0000010e   Code   RO         1439    .text.ADC_Enable    stm32g4xx_hal_adc.o
    0x08000b36   0x08000b36   0x00000002   PAD
    0x08000b38   0x08000b38   0x0000004a   Code   RO          113    .text.APP_Ethernet_Init  app_ethernet.o
    0x08000b82   0x08000b82   0x00000002   PAD
    0x08000b84   0x08000b84   0x00000022   Code   RO          115    .text.APP_Ethernet_Poll  app_ethernet.o
    0x08000ba6   0x08000ba6   0x00000002   PAD
    0x08000ba8   0x08000ba8   0x00000244   Code   RO          151    .text.APP_Main_Init  app_main.o
    0x08000dec   0x08000dec   0x00000588   Code   RO          147    .text.APP_Main_Poll  app_main.o
    0x08001374   0x08001374   0x00000030   Code   RO          129    .text.APP_Modbus_Slaver_Init  app_modbus_slaver.o
    0x080013a4   0x080013a4   0x0000001e   Code   RO          131    .text.APP_Modbus_Slaver_Poll  app_modbus_slaver.o
    0x080013c2   0x080013c2   0x00000002   PAD
    0x080013c4   0x080013c4   0x0000002a   Code   RO          370    .text.BFL_Debug_Init  bfl_debug.o
    0x080013ee   0x080013ee   0x00000002   PAD
    0x080013f0   0x080013f0   0x0000000e   Code   RO          374    .text.BFL_Debug_SignalPinReset  bfl_debug.o
    0x080013fe   0x080013fe   0x00000002   PAD
    0x08001400   0x08001400   0x0000000e   Code   RO          372    .text.BFL_Debug_SignalPinSet  bfl_debug.o
    0x0800140e   0x0800140e   0x00000002   PAD
    0x08001410   0x08001410   0x0000004c   Code   RO          285    .text.BFL_LED_IncBrightness  bfl_led.o
    0x0800145c   0x0800145c   0x00000024   Code   RO          275    .text.BFL_LED_Init  bfl_led.o
    0x08001480   0x08001480   0x0000002a   Code   RO          281    .text.BFL_LED_Toggle  bfl_led.o
    0x080014aa   0x080014aa   0x00000002   PAD
    0x080014ac   0x080014ac   0x00000002   Code   RO         3023    .text.Board_Init    board.o
    0x080014ae   0x080014ae   0x00000002   PAD
    0x080014b0   0x080014b0   0x00000002   Code   RO          538    .text.BusFault_Handler  stm32g4xx_it.o
    0x080014b2   0x080014b2   0x00000002   PAD
    0x080014b4   0x080014b4   0x00000004   Code   RO          695    .text.CDC_Control_FS  usbd_cdc_if.o
    0x080014b8   0x080014b8   0x00000004   Code   RO          693    .text.CDC_DeInit_FS  usbd_cdc_if.o
    0x080014bc   0x080014bc   0x0000002c   Code   RO          691    .text.CDC_Init_FS   usbd_cdc_if.o
    0x080014e8   0x080014e8   0x0000001c   Code   RO          697    .text.CDC_Receive_FS  usbd_cdc_if.o
    0x08001504   0x08001504   0x00000004   Code   RO          699    .text.CDC_TransmitCplt_FS  usbd_cdc_if.o
    0x08001508   0x08001508   0x00000036   Code   RO          701    .text.CDC_Transmit_FS  usbd_cdc_if.o
    0x0800153e   0x0800153e   0x00000002   PAD
    0x08001540   0x08001540   0x00000044   Code   RO          322    .text.CHIP_MCP4017T_104_Init  chip_mcp4017t_104.o
    0x08001584   0x08001584   0x0000003c   Code   RO          324    .text.CHIP_MCP4017T_104_SetWiper  chip_mcp4017t_104.o
    0x080015c0   0x080015c0   0x0000002c   Code   RO          244    .text.CHIP_MIZ043WO1RPGA_Init  chip_miz043wo1rpga.o
    0x080015ec   0x080015ec   0x0000004c   Code   RO          248    .text.CHIP_MIZ043WO1RPGA_Poll  chip_miz043wo1rpga.o
    0x08001638   0x08001638   0x000000da   Code   RO          246    .text.CHIP_MIZ043WO1RPGA_Printf  chip_miz043wo1rpga.o
    0x08001712   0x08001712   0x00000002   PAD
    0x08001714   0x08001714   0x00000048   Code   RO          309    .text.CHIP_TCA9548A_Init  chip_tca9548a.o
    0x0800175c   0x0800175c   0x00000094   Code   RO          311    .text.CHIP_TCA9548A_SelectChannel  chip_tca9548a.o
    0x080017f0   0x080017f0   0x000000ac   Code   RO          338    .text.CHIP_TMP102_GetTemperature  chip_tmp102.o
    0x0800189c   0x0800189c   0x00000068   Code   RO          336    .text.CHIP_TMP102_Init  chip_tmp102.o
    0x08001904   0x08001904   0x000000be   Code   RO          107    .text.CHIP_W5500_Init  app_ethernet.o
    0x080019c2   0x080019c2   0x00000002   PAD
    0x080019c4   0x080019c4   0x000001a0   Code   RO          105    .text.CHIP_W5500_NetworkParameterConfiguration  app_ethernet.o
    0x08001b64   0x08001b64   0x000000d4   Code   RO         3067    .text.CRC16_Modbus  crc.o
    0x08001c38   0x08001c38   0x0000000c   Code   RO          550    .text.DMA1_Channel1_IRQHandler  stm32g4xx_it.o
    0x08001c44   0x08001c44   0x0000000c   Code   RO          552    .text.DMA1_Channel2_IRQHandler  stm32g4xx_it.o
    0x08001c50   0x08001c50   0x0000000c   Code   RO          554    .text.DMA1_Channel3_IRQHandler  stm32g4xx_it.o
    0x08001c5c   0x08001c5c   0x0000000c   Code   RO          556    .text.DMA1_Channel4_IRQHandler  stm32g4xx_it.o
    0x08001c68   0x08001c68   0x0000000c   Code   RO          558    .text.DMA1_Channel5_IRQHandler  stm32g4xx_it.o
    0x08001c74   0x08001c74   0x0000000c   Code   RO          566    .text.DMA2_Channel8_IRQHandler  stm32g4xx_it.o
    0x08001c80   0x08001c80   0x00000002   Code   RO          544    .text.DebugMon_Handler  stm32g4xx_it.o
    0x08001c82   0x08001c82   0x00000002   PAD
    0x08001c84   0x08001c84   0x00000042   Code   RO          208    .text.Debug_Printf  log.o
    0x08001cc6   0x08001cc6   0x00000002   PAD
    0x08001cc8   0x08001cc8   0x00000008   Code   RO         2732    .text.EnterCriticalSection  portserial.o
    0x08001cd0   0x08001cd0   0x0000000a   Code   RO          399    .text.Error_Handler  main.o
    0x08001cda   0x08001cda   0x00000002   PAD
    0x08001cdc   0x08001cdc   0x00000004   Code   RO         2734    .text.ExitCriticalSection  portserial.o
    0x08001ce0   0x08001ce0   0x0000006e   Code   RO         1121    .text.FLASH_FlushCaches  stm32g4xx_hal_flash_ex.o
    0x08001d4e   0x08001d4e   0x00000002   PAD
    0x08001d50   0x08001d50   0x0000005a   Code   RO         1086    .text.FLASH_WaitForLastOperation  stm32g4xx_hal_flash.o
    0x08001daa   0x08001daa   0x00000002   PAD
    0x08001dac   0x08001dac   0x000000d4   Code   RO         1493    .text.HAL_ADCEx_Calibration_Start  stm32g4xx_hal_adc_ex.o
    0x08001e80   0x08001e80   0x00000134   Code   RO         1537    .text.HAL_ADCEx_MultiModeConfigChannel  stm32g4xx_hal_adc_ex.o
    0x08001fb4   0x08001fb4   0x000003e8   Code   RO         1477    .text.HAL_ADC_ConfigChannel  stm32g4xx_hal_adc.o
    0x0800239c   0x0800239c   0x0000076c   Code   RO          184    .text.HAL_ADC_ConvCpltCallback  sysmeasure.o
    0x08002b08   0x08002b08   0x00000002   Code   RO         1475    .text.HAL_ADC_ConvHalfCpltCallback  stm32g4xx_hal_adc.o
    0x08002b0a   0x08002b0a   0x00000002   PAD
    0x08002b0c   0x08002b0c   0x00000002   Code   RO         1473    .text.HAL_ADC_ErrorCallback  stm32g4xx_hal_adc.o
    0x08002b0e   0x08002b0e   0x00000002   PAD
    0x08002b10   0x08002b10   0x0000027c   Code   RO         1425    .text.HAL_ADC_Init  stm32g4xx_hal_adc.o
    0x08002d8c   0x08002d8c   0x0000035c   Code   RO          428    .text.HAL_ADC_MspInit  adc.o
    0x080030e8   0x080030e8   0x00000124   Code   RO         1451    .text.HAL_ADC_Start_DMA  stm32g4xx_hal_adc.o
    0x0800320c   0x0800320c   0x0000007c   Code   RO         1217    .text.HAL_DMA_Abort_IT  stm32g4xx_hal_dma.o
    0x08003288   0x08003288   0x00000006   Code   RO         1227    .text.HAL_DMA_GetState  stm32g4xx_hal_dma.o
    0x0800328e   0x0800328e   0x00000002   PAD
    0x08003290   0x08003290   0x000000aa   Code   RO         1221    .text.HAL_DMA_IRQHandler  stm32g4xx_hal_dma.o
    0x0800333a   0x0800333a   0x00000002   PAD
    0x0800333c   0x0800333c   0x0000012a   Code   RO         1207    .text.HAL_DMA_Init  stm32g4xx_hal_dma.o
    0x08003466   0x08003466   0x00000002   PAD
    0x08003468   0x08003468   0x000000e4   Code   RO         1213    .text.HAL_DMA_Start_IT  stm32g4xx_hal_dma.o
    0x0800354c   0x0800354c   0x00000028   Code   RO          934    .text.HAL_Delay     stm32g4xx_hal.o
    0x08003574   0x08003574   0x000001da   Code   RO         1117    .text.HAL_FLASHEx_Erase  stm32g4xx_hal_flash_ex.o
    0x0800374e   0x0800374e   0x00000002   PAD
    0x08003750   0x08003750   0x00000018   Code   RO         1098    .text.HAL_FLASH_Lock  stm32g4xx_hal_flash.o
    0x08003768   0x08003768   0x000001b4   Code   RO         1084    .text.HAL_FLASH_Program  stm32g4xx_hal_flash.o
    0x0800391c   0x0800391c   0x0000002e   Code   RO         1096    .text.HAL_FLASH_Unlock  stm32g4xx_hal_flash.o
    0x0800394a   0x0800394a   0x00000002   PAD
    0x0800394c   0x0800394c   0x000001aa   Code   RO         1157    .text.HAL_GPIO_Init  stm32g4xx_hal_gpio.o
    0x08003af6   0x08003af6   0x00000002   PAD
    0x08003af8   0x08003af8   0x0000000c   Code   RO         1163    .text.HAL_GPIO_WritePin  stm32g4xx_hal_gpio.o
    0x08003b04   0x08003b04   0x0000000c   Code   RO          926    .text.HAL_GetTick   stm32g4xx_hal.o
    0x08003b10   0x08003b10   0x0000004a   Code   RO         1751    .text.HAL_I2CEx_ConfigAnalogFilter  stm32g4xx_hal_i2c_ex.o
    0x08003b5a   0x08003b5a   0x00000002   PAD
    0x08003b5c   0x08003b5c   0x00000048   Code   RO         1753    .text.HAL_I2CEx_ConfigDigitalFilter  stm32g4xx_hal_i2c_ex.o
    0x08003ba4   0x08003ba4   0x00000002   Code   RO         1721    .text.HAL_I2C_AbortCpltCallback  stm32g4xx_hal_i2c.o
    0x08003ba6   0x08003ba6   0x00000002   PAD
    0x08003ba8   0x08003ba8   0x00000002   Code   RO         1711    .text.HAL_I2C_AddrCallback  stm32g4xx_hal_i2c.o
    0x08003baa   0x08003baa   0x00000002   PAD
    0x08003bac   0x08003bac   0x00000060   Code   RO         1699    .text.HAL_I2C_ER_IRQHandler  stm32g4xx_hal_i2c.o
    0x08003c0c   0x08003c0c   0x00000010   Code   RO         1697    .text.HAL_I2C_EV_IRQHandler  stm32g4xx_hal_i2c.o
    0x08003c1c   0x08003c1c   0x00000002   Code   RO         1719    .text.HAL_I2C_ErrorCallback  stm32g4xx_hal_i2c.o
    0x08003c1e   0x08003c1e   0x00000002   PAD
    0x08003c20   0x08003c20   0x000000ae   Code   RO         1597    .text.HAL_I2C_Init  stm32g4xx_hal_i2c.o
    0x08003cce   0x08003cce   0x00000002   PAD
    0x08003cd0   0x08003cd0   0x00000002   Code   RO         1713    .text.HAL_I2C_ListenCpltCallback  stm32g4xx_hal_i2c.o
    0x08003cd2   0x08003cd2   0x00000002   PAD
    0x08003cd4   0x08003cd4   0x000001c4   Code   RO         1605    .text.HAL_I2C_Master_Transmit  stm32g4xx_hal_i2c.o
    0x08003e98   0x08003e98   0x00000238   Code   RO         1657    .text.HAL_I2C_Mem_Read  stm32g4xx_hal_i2c.o
    0x080040d0   0x080040d0   0x00000238   Code   RO         1655    .text.HAL_I2C_Mem_Write  stm32g4xx_hal_i2c.o
    0x08004308   0x08004308   0x00000168   Code   RO          461    .text.HAL_I2C_MspInit  i2c.o
    0x08004470   0x08004470   0x00000002   Code   RO         1709    .text.HAL_I2C_SlaveRxCpltCallback  stm32g4xx_hal_i2c.o
    0x08004472   0x08004472   0x00000002   PAD
    0x08004474   0x08004474   0x00000002   Code   RO         1707    .text.HAL_I2C_SlaveTxCpltCallback  stm32g4xx_hal_i2c.o
    0x08004476   0x08004476   0x00000002   PAD
    0x08004478   0x08004478   0x0000001a   Code   RO          924    .text.HAL_IncTick   stm32g4xx_hal.o
    0x08004492   0x08004492   0x00000002   PAD
    0x08004494   0x08004494   0x0000002e   Code   RO          914    .text.HAL_Init      stm32g4xx_hal.o
    0x080044c2   0x080044c2   0x00000002   PAD
    0x080044c4   0x080044c4   0x0000004c   Code   RO          916    .text.HAL_InitTick  stm32g4xx_hal.o
    0x08004510   0x08004510   0x00000034   Code   RO          575    .text.HAL_MspInit   stm32g4xx_hal_msp.o
    0x08004544   0x08004544   0x00000026   Code   RO         1383    .text.HAL_NVIC_EnableIRQ  stm32g4xx_hal_cortex.o
    0x0800456a   0x0800456a   0x00000002   PAD
    0x0800456c   0x0800456c   0x00000056   Code   RO         1381    .text.HAL_NVIC_SetPriority  stm32g4xx_hal_cortex.o
    0x080045c2   0x080045c2   0x00000002   PAD
    0x080045c4   0x080045c4   0x00000020   Code   RO         1379    .text.HAL_NVIC_SetPriorityGrouping  stm32g4xx_hal_cortex.o
    0x080045e4   0x080045e4   0x00000004   Code   RO         1387    .text.HAL_NVIC_SystemReset  stm32g4xx_hal_cortex.o
    0x080045e8   0x080045e8   0x0000002a   Code   RO          848    .text.HAL_PCDEx_ActivateLPM  stm32g4xx_hal_pcd_ex.o
    0x08004612   0x08004612   0x00000002   PAD
    0x08004614   0x08004614   0x00000052   Code   RO          637    .text.HAL_PCDEx_LPM_Callback  usbd_conf.o
    0x08004666   0x08004666   0x00000002   PAD
    0x08004668   0x08004668   0x0000003a   Code   RO          838    .text.HAL_PCDEx_PMAConfig  stm32g4xx_hal_pcd_ex.o
    0x080046a2   0x080046a2   0x00000002   PAD
    0x080046a4   0x080046a4   0x00000014   Code   RO          591    .text.HAL_PCD_DataInStageCallback  usbd_conf.o
    0x080046b8   0x080046b8   0x00000016   Code   RO          589    .text.HAL_PCD_DataOutStageCallback  usbd_conf.o
    0x080046ce   0x080046ce   0x00000002   PAD
    0x080046d0   0x080046d0   0x0000004e   Code   RO          808    .text.HAL_PCD_EP_Close  stm32g4xx_hal_pcd.o
    0x0800471e   0x0800471e   0x00000002   PAD
    0x08004720   0x08004720   0x00000062   Code   RO          818    .text.HAL_PCD_EP_ClrStall  stm32g4xx_hal_pcd.o
    0x08004782   0x08004782   0x00000002   PAD
    0x08004784   0x08004784   0x00000012   Code   RO          812    .text.HAL_PCD_EP_GetRxCount  stm32g4xx_hal_pcd.o
    0x08004796   0x08004796   0x00000002   PAD
    0x08004798   0x08004798   0x00000060   Code   RO          806    .text.HAL_PCD_EP_Open  stm32g4xx_hal_pcd.o
    0x080047f8   0x080047f8   0x00000032   Code   RO          810    .text.HAL_PCD_EP_Receive  stm32g4xx_hal_pcd.o
    0x0800482a   0x0800482a   0x00000002   PAD
    0x0800482c   0x0800482c   0x00000064   Code   RO          816    .text.HAL_PCD_EP_SetStall  stm32g4xx_hal_pcd.o
    0x08004890   0x08004890   0x00000036   Code   RO          814    .text.HAL_PCD_EP_Transmit  stm32g4xx_hal_pcd.o
    0x080048c6   0x080048c6   0x00000002   PAD
    0x080048c8   0x080048c8   0x00000962   Code   RO          776    .text.HAL_PCD_IRQHandler  stm32g4xx_hal_pcd.o
    0x0800522a   0x0800522a   0x00000002   PAD
    0x0800522c   0x0800522c   0x00000216   Code   RO          764    .text.HAL_PCD_Init  stm32g4xx_hal_pcd.o
    0x08005442   0x08005442   0x00000002   PAD
    0x08005444   0x08005444   0x00000066   Code   RO          583    .text.HAL_PCD_MspInit  usbd_conf.o
    0x080054aa   0x080054aa   0x00000002   PAD
    0x080054ac   0x080054ac   0x00000024   Code   RO          595    .text.HAL_PCD_ResetCallback  usbd_conf.o
    0x080054d0   0x080054d0   0x00000028   Code   RO          599    .text.HAL_PCD_ResumeCallback  usbd_conf.o
    0x080054f8   0x080054f8   0x00000008   Code   RO          593    .text.HAL_PCD_SOFCallback  usbd_conf.o
    0x08005500   0x08005500   0x00000026   Code   RO          780    .text.HAL_PCD_SetAddress  stm32g4xx_hal_pcd.o
    0x08005526   0x08005526   0x00000002   PAD
    0x08005528   0x08005528   0x0000000e   Code   RO          587    .text.HAL_PCD_SetupStageCallback  usbd_conf.o
    0x08005536   0x08005536   0x00000002   PAD
    0x08005538   0x08005538   0x0000002a   Code   RO          772    .text.HAL_PCD_Start  stm32g4xx_hal_pcd.o
    0x08005562   0x08005562   0x00000002   PAD
    0x08005564   0x08005564   0x00000026   Code   RO          597    .text.HAL_PCD_SuspendCallback  usbd_conf.o
    0x0800558a   0x0800558a   0x00000002   PAD
    0x0800558c   0x0800558c   0x00000126   Code   RO         1299    .text.HAL_PWREx_ControlVoltageScaling  stm32g4xx_hal_pwr_ex.o
    0x080056b2   0x080056b2   0x00000002   PAD
    0x080056b4   0x080056b4   0x00000012   Code   RO         1369    .text.HAL_PWREx_DisableUCPDDeadBattery  stm32g4xx_hal_pwr_ex.o
    0x080056c6   0x080056c6   0x00000002   PAD
    0x080056c8   0x080056c8   0x000002d6   Code   RO         1038    .text.HAL_RCCEx_PeriphCLKConfig  stm32g4xx_hal_rcc_ex.o
    0x0800599e   0x0800599e   0x00000002   PAD
    0x080059a0   0x080059a0   0x00000314   Code   RO         1004    .text.HAL_RCC_ClockConfig  stm32g4xx_hal_rcc.o
    0x08005cb4   0x08005cb4   0x000004aa   Code   RO         1002    .text.HAL_RCC_OscConfig  stm32g4xx_hal_rcc.o
    0x0800615e   0x0800615e   0x00000002   PAD
    0x08006160   0x08006160   0x000000e4   Code   RO         1771    .text.HAL_SPI_Init  stm32g4xx_hal_spi.o
    0x08006244   0x08006244   0x0000009e   Code   RO          485    .text.HAL_SPI_MspInit  spi.o
    0x080062e2   0x080062e2   0x00000002   PAD
    0x080062e4   0x080062e4   0x00000242   Code   RO         1781    .text.HAL_SPI_Receive  stm32g4xx_hal_spi.o
    0x08006526   0x08006526   0x00000002   PAD
    0x08006528   0x08006528   0x0000026c   Code   RO         1779    .text.HAL_SPI_Transmit  stm32g4xx_hal_spi.o
    0x08006794   0x08006794   0x0000030a   Code   RO         1783    .text.HAL_SPI_TransmitReceive  stm32g4xx_hal_spi.o
    0x08006a9e   0x08006a9e   0x00000002   PAD
    0x08006aa0   0x08006aa0   0x0000002c   Code   RO         1391    .text.HAL_SYSTICK_Config  stm32g4xx_hal_cortex.o
    0x08006acc   0x08006acc   0x000000de   Code   RO         2191    .text.HAL_TIMEx_MasterConfigSynchronization  stm32g4xx_hal_tim_ex.o
    0x08006baa   0x08006baa   0x00000002   PAD
    0x08006bac   0x08006bac   0x00000062   Code   RO         1896    .text.HAL_TIM_Base_Init  stm32g4xx_hal_tim.o
    0x08006c0e   0x08006c0e   0x00000002   PAD
    0x08006c10   0x08006c10   0x00000032   Code   RO          505    .text.HAL_TIM_Base_MspInit  tim.o
    0x08006c42   0x08006c42   0x00000002   PAD
    0x08006c44   0x08006c44   0x000000b2   Code   RO         1906    .text.HAL_TIM_Base_Start  stm32g4xx_hal_tim.o
    0x08006cf6   0x08006cf6   0x00000002   PAD
    0x08006cf8   0x08006cf8   0x00000214   Code   RO         2076    .text.HAL_TIM_ConfigClockSource  stm32g4xx_hal_tim.o
    0x08006f0c   0x08006f0c   0x00000030   Code   RO         2570    .text.HDL_G4_CPU_Time_DelayMs  hdl_g4_cpu_time.o
    0x08006f3c   0x08006f3c   0x0000000c   Code   RO         2568    .text.HDL_G4_CPU_Time_GetTick  hdl_g4_cpu_time.o
    0x08006f48   0x08006f48   0x00000182   Code   RO         2566    .text.HDL_G4_CPU_Time_Init  hdl_g4_cpu_time.o
    0x080070ca   0x080070ca   0x00000002   PAD
    0x080070cc   0x080070cc   0x0000008c   Code   RO         2580    .text.HDL_G4_CPU_Time_StartHardTimer  hdl_g4_cpu_time.o
    0x08007158   0x08007158   0x00000030   Code   RO         2582    .text.HDL_G4_CPU_Time_StopHardTimer  hdl_g4_cpu_time.o
    0x08007188   0x08007188   0x00000002   Code   RO          534    .text.HardFault_Handler  stm32g4xx_it.o
    0x0800718a   0x0800718a   0x00000002   PAD
    0x0800718c   0x0800718c   0x0000000c   Code   RO          564    .text.I2C1_ER_IRQHandler  stm32g4xx_it.o
    0x08007198   0x08007198   0x0000000c   Code   RO          562    .text.I2C1_EV_IRQHandler  stm32g4xx_it.o
    0x080071a4   0x080071a4   0x0000003c   Code   RO         1683    .text.I2C_DMAAbort  stm32g4xx_hal_i2c.o
    0x080071e0   0x080071e0   0x000000a2   Code   RO         1739    .text.I2C_ITAddrCplt  stm32g4xx_hal_i2c.o
    0x08007282   0x08007282   0x00000002   PAD
    0x08007284   0x08007284   0x0000018e   Code   RO         1701    .text.I2C_ITError   stm32g4xx_hal_i2c.o
    0x08007412   0x08007412   0x00000002   PAD
    0x08007414   0x08007414   0x000003ae   Code   RO         1733    .text.I2C_ITSlaveCplt  stm32g4xx_hal_i2c.o
    0x080077c2   0x080077c2   0x00000002   PAD
    0x080077c4   0x080077c4   0x00000094   Code   RO         1737    .text.I2C_ITSlaveSeqCplt  stm32g4xx_hal_i2c.o
    0x08007858   0x08007858   0x0000015c   Code   RO         1741    .text.I2C_IsErrorOccurred  stm32g4xx_hal_i2c.o
    0x080079b4   0x080079b4   0x0000023e   Code   RO         1629    .text.I2C_Slave_ISR_IT  stm32g4xx_hal_i2c.o
    0x08007bf2   0x08007bf2   0x00000002   PAD
    0x08007bf4   0x08007bf4   0x000000e0   Code   RO         1607    .text.I2C_WaitOnFlagUntilTimeout  stm32g4xx_hal_i2c.o
    0x08007cd4   0x08007cd4   0x0000007c   Code   RO         1611    .text.I2C_WaitOnSTOPFlagUntilTimeout  stm32g4xx_hal_i2c.o
    0x08007d50   0x08007d50   0x00000094   Code   RO         1609    .text.I2C_WaitOnTXISFlagUntilTimeout  stm32g4xx_hal_i2c.o
    0x08007de4   0x08007de4   0x000000e2   Code   RO          752    .text.LL_GPIO_Init  stm32g4xx_ll_gpio.o
    0x08007ec6   0x08007ec6   0x00000002   PAD
    0x08007ec8   0x08007ec8   0x000001e0   Code   RO         2328    .text.LL_RCC_GetUARTClockFreq  stm32g4xx_ll_rcc.o
    0x080080a8   0x080080a8   0x000002dc   Code   RO         2326    .text.LL_RCC_GetUSARTClockFreq  stm32g4xx_ll_rcc.o
    0x08008384   0x08008384   0x00000134   Code   RO         2274    .text.LL_TIM_Init   stm32g4xx_ll_tim.o
    0x080084b8   0x080084b8   0x00000376   Code   RO         2278    .text.LL_TIM_OC_Init  stm32g4xx_ll_tim.o
    0x0800882e   0x0800882e   0x00000002   PAD
    0x08008830   0x08008830   0x0000015c   Code   RO         2306    .text.LL_USART_Init  stm32g4xx_ll_usart.o
    0x0800898c   0x0800898c   0x00000046   Code   RO          716    .text.LL_mDelay     stm32g4xx_ll_utils.o
    0x080089d2   0x080089d2   0x00000002   PAD
    0x080089d4   0x080089d4   0x000000b0   Code   RO          418    .text.MX_ADC1_Init  adc.o
    0x08008a84   0x08008a84   0x00000088   Code   RO          420    .text.MX_ADC2_Init  adc.o
    0x08008b0c   0x08008b0c   0x000000b4   Code   RO          422    .text.MX_ADC3_Init  adc.o
    0x08008bc0   0x08008bc0   0x000000b8   Code   RO          424    .text.MX_ADC4_Init  adc.o
    0x08008c78   0x08008c78   0x00000088   Code   RO          426    .text.MX_ADC5_Init  adc.o
    0x08008d00   0x08008d00   0x000000a8   Code   RO          450    .text.MX_DMA_Init   dma.o
    0x08008da8   0x08008da8   0x0000017e   Code   RO          409    .text.MX_GPIO_Init  gpio.o
    0x08008f26   0x08008f26   0x00000002   PAD
    0x08008f28   0x08008f28   0x0000006c   Code   RO          459    .text.MX_I2C1_Init  i2c.o
    0x08008f94   0x08008f94   0x00000050   Code   RO          483    .text.MX_SPI3_Init  spi.o
    0x08008fe4   0x08008fe4   0x0000007a   Code   RO          499    .text.MX_TIM3_Init  tim.o
    0x0800905e   0x0800905e   0x00000002   PAD
    0x08009060   0x08009060   0x000000c2   Code   RO          503    .text.MX_TIM5_Init  tim.o
    0x08009122   0x08009122   0x00000002   PAD
    0x08009124   0x08009124   0x00000072   Code   RO          655    .text.MX_USB_Device_Init  usb_device.o
    0x08009196   0x08009196   0x00000002   PAD
    0x08009198   0x08009198   0x00000002   Code   RO          536    .text.MemManage_Handler  stm32g4xx_it.o
    0x0800919a   0x0800919a   0x00000002   PAD
    0x0800919c   0x0800919c   0x00000002   Code   RO          532    .text.NMI_Handler   stm32g4xx_it.o
    0x0800919e   0x0800919e   0x00000002   PAD
    0x080091a0   0x080091a0   0x00000002   Code   RO          546    .text.PendSV_Handler  stm32g4xx_it.o
    0x080091a2   0x080091a2   0x00000002   PAD
    0x080091a4   0x080091a4   0x0000000e   Code   RO         3216    .text.QUEUE_PacketCreate  mqueue.o
    0x080091b2   0x080091b2   0x00000002   PAD
    0x080091b4   0x080091b4   0x00000048   Code   RO         3218    .text.QUEUE_PacketIn  mqueue.o
    0x080091fc   0x080091fc   0x00000066   Code   RO         3220    .text.QUEUE_PacketOut  mqueue.o
    0x08009262   0x08009262   0x00000002   PAD
    0x08009264   0x08009264   0x00000012   Code   RO           97    .text.SPI_CS_Deselect  app_ethernet.o
    0x08009276   0x08009276   0x00000002   PAD
    0x08009278   0x08009278   0x00000012   Code   RO           95    .text.SPI_CS_Select  app_ethernet.o
    0x0800928a   0x0800928a   0x00000002   PAD
    0x0800928c   0x0800928c   0x00000008   Code   RO           91    .text.SPI_CrisEnter  app_ethernet.o
    0x08009294   0x08009294   0x00000008   Code   RO           93    .text.SPI_CrisExit  app_ethernet.o
    0x0800929c   0x0800929c   0x00000048   Code   RO           89    .text.SPI_ReadByte  app_ethernet.o
    0x080092e4   0x080092e4   0x00000186   Code   RO         1833    .text.SPI_WaitFifoStateUntilTimeout  stm32g4xx_hal_spi.o
    0x0800946a   0x0800946a   0x00000002   PAD
    0x0800946c   0x0800946c   0x000000ce   Code   RO         1835    .text.SPI_WaitFlagStateUntilTimeout  stm32g4xx_hal_spi.o
    0x0800953a   0x0800953a   0x00000002   PAD
    0x0800953c   0x0800953c   0x00000044   Code   RO           87    .text.SPI_WriteByte  app_ethernet.o
    0x08009580   0x08009580   0x00000002   Code   RO          542    .text.SVC_Handler   stm32g4xx_it.o
    0x08009582   0x08009582   0x00000002   PAD
    0x08009584   0x08009584   0x000000d0   Code   RO          155    .text.SaveSysInfo   app_main.o
    0x08009654   0x08009654   0x000000f0   Code   RO          157    .text.SaveSysInfoToFlash  app_main.o
    0x08009744   0x08009744   0x0000015c   Code   RO          141    .text.SysInfoWriteToRegHoldingBuf  app_main.o
    0x080098a0   0x080098a0   0x00000300   Code   RO          174    .text.SysMeasureInit  sysmeasure.o
    0x08009ba0   0x08009ba0   0x000005fc   Code   RO          180    .text.SysMeasurePoll  sysmeasure.o
    0x0800a19c   0x0800a19c   0x00000004   Code   RO          548    .text.SysTick_Handler  stm32g4xx_it.o
    0x0800a1a0   0x0800a1a0   0x00000070   Code   RO          397    .text.SystemClock_Config  main.o
    0x0800a210   0x0800a210   0x00000012   Code   RO         2358    .text.SystemInit    system_stm32g4xx.o
    0x0800a222   0x0800a222   0x00000002   PAD
    0x0800a224   0x0800a224   0x00000030   Code   RO         2584    .text.TIM1_UP_TIM16_IRQHandler  hdl_g4_cpu_time.o
    0x0800a254   0x0800a254   0x00000092   Code   RO         2586    .text.TIM2_IRQHandler  hdl_g4_cpu_time.o
    0x0800a2e6   0x0800a2e6   0x00000002   PAD
    0x0800a2e8   0x0800a2e8   0x0000014c   Code   RO         1900    .text.TIM_Base_SetConfig  stm32g4xx_hal_tim.o
    0x0800a434   0x0800a434   0x000001c2   Code   RO         2521    .text.USART1_IRQHandler  hdl_g4_uart.o
    0x0800a5f6   0x0800a5f6   0x00000002   PAD
    0x0800a5f8   0x0800a5f8   0x000001c2   Code   RO         2523    .text.USART2_IRQHandler  hdl_g4_uart.o
    0x0800a7ba   0x0800a7ba   0x00000002   PAD
    0x0800a7bc   0x0800a7bc   0x0000009a   Code   RO         2525    .text.USART3_IRQHandler  hdl_g4_uart.o
    0x0800a856   0x0800a856   0x00000002   PAD
    0x0800a858   0x0800a858   0x00000024   Code   RO          674    .text.USBD_CDC_ConfigStrDescriptor  usbd_desc.o
    0x0800a87c   0x0800a87c   0x0000006e   Code   RO         2472    .text.USBD_CDC_DataIn  usbd_cdc.o
    0x0800a8ea   0x0800a8ea   0x00000002   PAD
    0x0800a8ec   0x0800a8ec   0x0000002c   Code   RO         2474    .text.USBD_CDC_DataOut  usbd_cdc.o
    0x0800a918   0x0800a918   0x00000042   Code   RO         2466    .text.USBD_CDC_DeInit  usbd_cdc.o
    0x0800a95a   0x0800a95a   0x00000002   PAD
    0x0800a95c   0x0800a95c   0x0000000e   Code   RO          664    .text.USBD_CDC_DeviceDescriptor  usbd_desc.o
    0x0800a96a   0x0800a96a   0x00000002   PAD
    0x0800a96c   0x0800a96c   0x00000034   Code   RO         2470    .text.USBD_CDC_EP0_RxReady  usbd_cdc.o
    0x0800a9a0   0x0800a9a0   0x00000010   Code   RO         2482    .text.USBD_CDC_GetDeviceQualifierDescriptor  usbd_cdc.o
    0x0800a9b0   0x0800a9b0   0x00000010   Code   RO         2478    .text.USBD_CDC_GetFSCfgDesc  usbd_cdc.o
    0x0800a9c0   0x0800a9c0   0x00000010   Code   RO         2476    .text.USBD_CDC_GetHSCfgDesc  usbd_cdc.o
    0x0800a9d0   0x0800a9d0   0x00000010   Code   RO         2480    .text.USBD_CDC_GetOtherSpeedCfgDesc  usbd_cdc.o
    0x0800a9e0   0x0800a9e0   0x00000098   Code   RO         2464    .text.USBD_CDC_Init  usbd_cdc.o
    0x0800aa78   0x0800aa78   0x00000028   Code   RO          676    .text.USBD_CDC_InterfaceStrDescriptor  usbd_desc.o
    0x0800aaa0   0x0800aaa0   0x0000000e   Code   RO          666    .text.USBD_CDC_LangIDStrDescriptor  usbd_desc.o
    0x0800aaae   0x0800aaae   0x00000002   PAD
    0x0800aab0   0x0800aab0   0x0000002c   Code   RO          668    .text.USBD_CDC_ManufacturerStrDescriptor  usbd_desc.o
    0x0800aadc   0x0800aadc   0x00000030   Code   RO          670    .text.USBD_CDC_ProductStrDescriptor  usbd_desc.o
    0x0800ab0c   0x0800ab0c   0x0000002c   Code   RO         2492    .text.USBD_CDC_ReceivePacket  usbd_cdc.o
    0x0800ab38   0x0800ab38   0x0000000e   Code   RO         2484    .text.USBD_CDC_RegisterInterface  usbd_cdc.o
    0x0800ab46   0x0800ab46   0x00000002   PAD
    0x0800ab48   0x0800ab48   0x0000016c   Code   RO          672    .text.USBD_CDC_SerialStrDescriptor  usbd_desc.o
    0x0800acb4   0x0800acb4   0x00000012   Code   RO         2488    .text.USBD_CDC_SetRxBuffer  usbd_cdc.o
    0x0800acc6   0x0800acc6   0x00000002   PAD
    0x0800acc8   0x0800acc8   0x00000016   Code   RO         2486    .text.USBD_CDC_SetTxBuffer  usbd_cdc.o
    0x0800acde   0x0800acde   0x00000002   PAD
    0x0800ace0   0x0800ace0   0x000000f0   Code   RO         2468    .text.USBD_CDC_Setup  usbd_cdc.o
    0x0800add0   0x0800add0   0x00000036   Code   RO         2490    .text.USBD_CDC_TransmitPacket  usbd_cdc.o
    0x0800ae06   0x0800ae06   0x00000002   PAD
    0x0800ae08   0x0800ae08   0x00000010   Code   RO         2387    .text.USBD_ClrClassConfig  usbd_core.o
    0x0800ae18   0x0800ae18   0x00000010   Code   RO         2448    .text.USBD_CtlContinueRx  usbd_ioreq.o
    0x0800ae28   0x0800ae28   0x00000010   Code   RO         2444    .text.USBD_CtlContinueSendData  usbd_ioreq.o
    0x0800ae38   0x0800ae38   0x00000016   Code   RO         2423    .text.USBD_CtlError  usbd_ctlreq.o
    0x0800ae4e   0x0800ae4e   0x00000002   PAD
    0x0800ae50   0x0800ae50   0x0000001a   Code   RO         2446    .text.USBD_CtlPrepareRx  usbd_ioreq.o
    0x0800ae6a   0x0800ae6a   0x00000002   PAD
    0x0800ae6c   0x0800ae6c   0x00000016   Code   RO         2452    .text.USBD_CtlReceiveStatus  usbd_ioreq.o
    0x0800ae82   0x0800ae82   0x00000002   PAD
    0x0800ae84   0x0800ae84   0x0000001a   Code   RO         2442    .text.USBD_CtlSendData  usbd_ioreq.o
    0x0800ae9e   0x0800ae9e   0x00000002   PAD
    0x0800aea0   0x0800aea0   0x00000016   Code   RO         2450    .text.USBD_CtlSendStatus  usbd_ioreq.o
    0x0800aeb6   0x0800aeb6   0x00000002   PAD
    0x0800aeb8   0x0800aeb8   0x000000da   Code   RO         2431    .text.USBD_GetString  usbd_ctlreq.o
    0x0800af92   0x0800af92   0x00000002   PAD
    0x0800af94   0x0800af94   0x0000002a   Code   RO         2373    .text.USBD_Init     usbd_core.o
    0x0800afbe   0x0800afbe   0x00000002   PAD
    0x0800afc0   0x0800afc0   0x00000022   Code   RO          625    .text.USBD_LL_ClearStallEP  usbd_conf.o
    0x0800afe2   0x0800afe2   0x00000002   PAD
    0x0800afe4   0x0800afe4   0x00000022   Code   RO          619    .text.USBD_LL_CloseEP  usbd_conf.o
    0x0800b006   0x0800b006   0x00000002   PAD
    0x0800b008   0x0800b008   0x000000a8   Code   RO         2393    .text.USBD_LL_DataInStage  usbd_core.o
    0x0800b0b0   0x0800b0b0   0x0000006e   Code   RO         2391    .text.USBD_LL_DataOutStage  usbd_core.o
    0x0800b11e   0x0800b11e   0x00000002   PAD
    0x0800b120   0x0800b120   0x00000008   Code   RO          635    .text.USBD_LL_GetRxDataSize  usbd_conf.o
    0x0800b128   0x0800b128   0x00000086   Code   RO          609    .text.USBD_LL_Init  usbd_conf.o
    0x0800b1ae   0x0800b1ae   0x00000002   PAD
    0x0800b1b0   0x0800b1b0   0x00000022   Code   RO          627    .text.USBD_LL_IsStallEP  usbd_conf.o
    0x0800b1d2   0x0800b1d2   0x00000002   PAD
    0x0800b1d4   0x0800b1d4   0x00000028   Code   RO          617    .text.USBD_LL_OpenEP  usbd_conf.o
    0x0800b1fc   0x0800b1fc   0x00000022   Code   RO          633    .text.USBD_LL_PrepareReceive  usbd_conf.o
    0x0800b21e   0x0800b21e   0x00000002   PAD
    0x0800b220   0x0800b220   0x00000068   Code   RO         2395    .text.USBD_LL_Reset  usbd_core.o
    0x0800b288   0x0800b288   0x00000014   Code   RO         2401    .text.USBD_LL_Resume  usbd_core.o
    0x0800b29c   0x0800b29c   0x00000020   Code   RO         2403    .text.USBD_LL_SOF   usbd_core.o
    0x0800b2bc   0x0800b2bc   0x00000008   Code   RO         2397    .text.USBD_LL_SetSpeed  usbd_core.o
    0x0800b2c4   0x0800b2c4   0x00000022   Code   RO          629    .text.USBD_LL_SetUSBAddress  usbd_conf.o
    0x0800b2e6   0x0800b2e6   0x00000002   PAD
    0x0800b2e8   0x0800b2e8   0x00000062   Code   RO         2389    .text.USBD_LL_SetupStage  usbd_core.o
    0x0800b34a   0x0800b34a   0x00000002   PAD
    0x0800b34c   0x0800b34c   0x00000022   Code   RO          623    .text.USBD_LL_StallEP  usbd_conf.o
    0x0800b36e   0x0800b36e   0x00000002   PAD
    0x0800b370   0x0800b370   0x00000022   Code   RO          613    .text.USBD_LL_Start  usbd_conf.o
    0x0800b392   0x0800b392   0x00000002   PAD
    0x0800b394   0x0800b394   0x00000014   Code   RO         2399    .text.USBD_LL_Suspend  usbd_core.o
    0x0800b3a8   0x0800b3a8   0x00000022   Code   RO          631    .text.USBD_LL_Transmit  usbd_conf.o
    0x0800b3ca   0x0800b3ca   0x00000002   PAD
    0x0800b3cc   0x0800b3cc   0x00000016   Code   RO         2429    .text.USBD_ParseSetupRequest  usbd_ctlreq.o
    0x0800b3e2   0x0800b3e2   0x00000002   PAD
    0x0800b3e4   0x0800b3e4   0x0000002e   Code   RO         2377    .text.USBD_RegisterClass  usbd_core.o
    0x0800b412   0x0800b412   0x00000002   PAD
    0x0800b414   0x0800b414   0x00000010   Code   RO         2385    .text.USBD_SetClassConfig  usbd_core.o
    0x0800b424   0x0800b424   0x00000004   Code   RO         2379    .text.USBD_Start    usbd_core.o
    0x0800b428   0x0800b428   0x00000374   Code   RO         2421    .text.USBD_StdDevReq  usbd_ctlreq.o
    0x0800b79c   0x0800b79c   0x00000146   Code   RO         2427    .text.USBD_StdEPReq  usbd_ctlreq.o
    0x0800b8e2   0x0800b8e2   0x00000002   PAD
    0x0800b8e4   0x0800b8e4   0x0000007a   Code   RO         2425    .text.USBD_StdItfReq  usbd_ctlreq.o
    0x0800b95e   0x0800b95e   0x00000002   PAD
    0x0800b960   0x0800b960   0x00000002   Code   RO          643    .text.USBD_static_free  usbd_conf.o
    0x0800b962   0x0800b962   0x00000002   PAD
    0x0800b964   0x0800b964   0x0000000a   Code   RO          641    .text.USBD_static_malloc  usbd_conf.o
    0x0800b96e   0x0800b96e   0x00000002   PAD
    0x0800b970   0x0800b970   0x0000024c   Code   RO          876    .text.USB_ActivateEndpoint  stm32g4xx_ll_usb.o
    0x0800bbbc   0x0800bbbc   0x000000e2   Code   RO          878    .text.USB_DeactivateEndpoint  stm32g4xx_ll_usb.o
    0x0800bc9e   0x0800bc9e   0x00000002   PAD
    0x0800bca0   0x0800bca0   0x00000012   Code   RO          894    .text.USB_DevConnect  stm32g4xx_ll_usb.o
    0x0800bcb2   0x0800bcb2   0x00000002   PAD
    0x0800bcb4   0x0800bcb4   0x0000001a   Code   RO          870    .text.USB_DevInit   stm32g4xx_ll_usb.o
    0x0800bcce   0x0800bcce   0x00000002   PAD
    0x0800bcd0   0x0800bcd0   0x00000014   Code   RO          866    .text.USB_DisableGlobalInt  stm32g4xx_ll_usb.o
    0x0800bce4   0x0800bce4   0x0000007c   Code   RO          886    .text.USB_EPClearStall  stm32g4xx_ll_usb.o
    0x0800bd60   0x0800bd60   0x00000032   Code   RO          884    .text.USB_EPSetStall  stm32g4xx_ll_usb.o
    0x0800bd92   0x0800bd92   0x00000002   PAD
    0x0800bd94   0x0800bd94   0x0000085e   Code   RO          880    .text.USB_EPStartXfer  stm32g4xx_ll_usb.o
    0x0800c5f2   0x0800c5f2   0x00000002   PAD
    0x0800c5f4   0x0800c5f4   0x00000014   Code   RO          864    .text.USB_EnableGlobalInt  stm32g4xx_ll_usb.o
    0x0800c608   0x0800c608   0x0000000c   Code   RO          560    .text.USB_LP_IRQHandler  stm32g4xx_it.o
    0x0800c614   0x0800c614   0x00000006   Code   RO          898    .text.USB_ReadInterrupts  stm32g4xx_ll_usb.o
    0x0800c61a   0x0800c61a   0x00000002   PAD
    0x0800c61c   0x0800c61c   0x0000009c   Code   RO          904    .text.USB_ReadPMA   stm32g4xx_ll_usb.o
    0x0800c6b8   0x0800c6b8   0x0000000e   Code   RO          892    .text.USB_SetDevAddress  stm32g4xx_ll_usb.o
    0x0800c6c6   0x0800c6c6   0x00000002   PAD
    0x0800c6c8   0x0800c6c8   0x00000082   Code   RO          882    .text.USB_WritePMA  stm32g4xx_ll_usb.o
    0x0800c74a   0x0800c74a   0x00000002   PAD
    0x0800c74c   0x0800c74c   0x00000738   Code   RO         2507    .text.Uart_Init     hdl_g4_uart.o
    0x0800ce84   0x0800ce84   0x00000030   Code   RO         2517    .text.Uart_RegisterReceiveCharNotReadCallback  hdl_g4_uart.o
    0x0800ceb4   0x0800ceb4   0x00000030   Code   RO         2513    .text.Uart_SetWriteOverCallback  hdl_g4_uart.o
    0x0800cee4   0x0800cee4   0x000002bc   Code   RO         2509    .text.Uart_Write    hdl_g4_uart.o
    0x0800d1a0   0x0800d1a0   0x00000002   Code   RO          540    .text.UsageFault_Handler  stm32g4xx_it.o
    0x0800d1a2   0x0800d1a2   0x00000002   PAD
    0x0800d1a4   0x0800d1a4   0x0000009c   Code   RO          109    .text.W5500_App_Poll  app_ethernet.o
    0x0800d240   0x0800d240   0x0000024c   Code   RO          111    .text.W5500_UDP_Temp_App_Poll  app_ethernet.o
    0x0800d48c   0x0800d48c   0x00000062   Code   RO         2997    .text.WIZCHIP_READ  w5500.o
    0x0800d4ee   0x0800d4ee   0x00000002   PAD
    0x0800d4f0   0x0800d4f0   0x00000078   Code   RO         3001    .text.WIZCHIP_READ_BUF  w5500.o
    0x0800d568   0x0800d568   0x00000064   Code   RO         2999    .text.WIZCHIP_WRITE  w5500.o
    0x0800d5cc   0x0800d5cc   0x0000007e   Code   RO         3003    .text.WIZCHIP_WRITE_BUF  w5500.o
    0x0800d64a   0x0800d64a   0x00000002   PAD
    0x0800d64c   0x0800d64c   0x0000002a   Code   RO         1389    .text.__NVIC_SystemReset  stm32g4xx_hal_cortex.o
    0x0800d676   0x0800d676   0x00000002   PAD
    0x0800d678   0x0800d678   0x00000060   Code   RO          264    .text.asyn_sys_poll  asyn_sys.o
    0x0800d6d8   0x0800d6d8   0x000000a8   Code   RO          260    .text.asyn_sys_register  asyn_sys.o
    0x0800d780   0x0800d780   0x0000003e   Code   RO         3347    .text.average_filter_new  average_filter.o
    0x0800d7be   0x0800d7be   0x00000002   PAD
    0x0800d7c0   0x0800d7c0   0x00000294   Code   RO         3351    .text.average_filter_update  average_filter.o
    0x0800da54   0x0800da54   0x00000154   Code   RO          176    .text.calculateWiperSetting  sysmeasure.o
    0x0800dba8   0x0800dba8   0x00000074   Code   RO         2883    .text.close         socket.o
    0x0800dc1c   0x0800dc1c   0x00000136   Code   RO         2971    .text.ctlnetwork    wizchip_conf.o
    0x0800dd52   0x0800dd52   0x00000002   PAD
    0x0800dd54   0x0800dd54   0x00000226   Code   RO         2945    .text.ctlwizchip    wizchip_conf.o
    0x0800df7a   0x0800df7a   0x00000002   PAD
    0x0800df7c   0x0800df7c   0x00000026   Code   RO         2626    .text.eMBEnable     mb.o
    0x0800dfa2   0x0800dfa2   0x00000002   PAD
    0x0800dfa4   0x0800dfa4   0x00000074   Code   RO         2763    .text.eMBFuncReadCoils  mbfunccoils.o
    0x0800e018   0x0800e018   0x00000074   Code   RO         2778    .text.eMBFuncReadDiscreteInputs  mbfuncdisc.o
    0x0800e08c   0x0800e08c   0x00000060   Code   RO         2791    .text.eMBFuncReadHoldingRegister  mbfuncholding.o
    0x0800e0ec   0x0800e0ec   0x0000006a   Code   RO         2803    .text.eMBFuncReadInputRegister  mbfuncinput.o
    0x0800e156   0x0800e156   0x00000002   PAD
    0x0800e158   0x0800e158   0x000000ac   Code   RO         2793    .text.eMBFuncReadWriteMultipleHoldingRegister  mbfuncholding.o
    0x0800e204   0x0800e204   0x00000020   Code   RO         2814    .text.eMBFuncReportSlaveID  mbfuncother.o
    0x0800e224   0x0800e224   0x00000064   Code   RO         2765    .text.eMBFuncWriteCoil  mbfunccoils.o
    0x0800e288   0x0800e288   0x00000034   Code   RO         2787    .text.eMBFuncWriteHoldingRegister  mbfuncholding.o
    0x0800e2bc   0x0800e2bc   0x0000006a   Code   RO         2767    .text.eMBFuncWriteMultipleCoils  mbfunccoils.o
    0x0800e326   0x0800e326   0x00000002   PAD
    0x0800e328   0x0800e328   0x00000054   Code   RO         2789    .text.eMBFuncWriteMultipleHoldingRegister  mbfuncholding.o
    0x0800e37c   0x0800e37c   0x00000014   Code   RO         2682    .text.eMBGetRegHoldingBufBase  mbcb.o
    0x0800e390   0x0800e390   0x000000a8   Code   RO         2618    .text.eMBInit       mb.o
    0x0800e438   0x0800e438   0x000001b8   Code   RO         2630    .text.eMBPoll       mb.o
    0x0800e5f0   0x0800e5f0   0x00000056   Code   RO         2656    .text.eMBRTUInit    mbrtu.o
    0x0800e646   0x0800e646   0x00000002   PAD
    0x0800e648   0x0800e648   0x00000058   Code   RO         2662    .text.eMBRTUReceive  mbrtu.o
    0x0800e6a0   0x0800e6a0   0x00000078   Code   RO         2664    .text.eMBRTUSend    mbrtu.o
    0x0800e718   0x0800e718   0x00000026   Code   RO         2658    .text.eMBRTUStart   mbrtu.o
    0x0800e73e   0x0800e73e   0x00000002   PAD
    0x0800e740   0x0800e740   0x0000001a   Code   RO         2660    .text.eMBRTUStop    mbrtu.o
    0x0800e75a   0x0800e75a   0x00000002   PAD
    0x0800e75c   0x0800e75c   0x00000090   Code   RO         2688    .text.eMBRegCoilsCB  mbcb.o
    0x0800e7ec   0x0800e7ec   0x00000052   Code   RO         2690    .text.eMBRegDiscreteCB  mbcb.o
    0x0800e83e   0x0800e83e   0x00000002   PAD
    0x0800e840   0x0800e840   0x0000019e   Code   RO         2686    .text.eMBRegHoldingCB  mbcb.o
    0x0800e9de   0x0800e9de   0x00000002   PAD
    0x0800e9e0   0x0800e9e0   0x000000ce   Code   RO         2684    .text.eMBRegInputCB  mbcb.o
    0x0800eaae   0x0800eaae   0x00000002   PAD
    0x0800eab0   0x0800eab0   0x000001ca   Code   RO         3007    .text.getSn_RX_RSR  w5500.o
    0x0800ec7a   0x0800ec7a   0x00000002   PAD
    0x0800ec7c   0x0800ec7c   0x000001ca   Code   RO         3005    .text.getSn_TX_FSR  w5500.o
    0x0800ee46   0x0800ee46   0x00000002   PAD
    0x0800ee48   0x0800ee48   0x000000a6   Code   RO          395    .text.main          main.o
    0x0800eeee   0x0800eeee   0x00000002   PAD
    0x0800eef0   0x0800eef0   0x00000034   Code   RO          210    .text.my_console_logger  log.o
    0x0800ef24   0x0800ef24   0x00000020   Code   RO         2590    .text.period_query_user  hdl_g4_cpu_time.o
    0x0800ef44   0x0800ef44   0x0000001a   Code   RO         2829    .text.prveMBError2Exception  mbutils.o
    0x0800ef5e   0x0800ef5e   0x00000002   PAD
    0x0800ef60   0x0800ef60   0x0000000c   Code   RO         2748    .text.prvvTIMERExpiredISR  porttimer.o
    0x0800ef6c   0x0800ef6c   0x0000024e   Code   RO         2897    .text.recvfrom      socket.o
    0x0800f1ba   0x0800f1ba   0x00000002   PAD
    0x0800f1bc   0x0800f1bc   0x00000038   Code   RO         2935    .text.reg_wizchip_cris_cbfunc  wizchip_conf.o
    0x0800f1f4   0x0800f1f4   0x00000038   Code   RO         2937    .text.reg_wizchip_cs_cbfunc  wizchip_conf.o
    0x0800f22c   0x0800f22c   0x00000044   Code   RO         2941    .text.reg_wizchip_spi_cbfunc  wizchip_conf.o
    0x0800f270   0x0800f270   0x00000084   Code   RO         3377    .text.resistanceToTemperature_B3950  ntc_resistance.o
    0x0800f2f4   0x0800f2f4   0x00000188   Code   RO         2895    .text.sendto        socket.o
    0x0800f47c   0x0800f47c   0x0000000c   Code   RO         2724    .text.serialReceiveOneByteISR  portserial.o
    0x0800f488   0x0800f488   0x0000000c   Code   RO         2726    .text.serialSentOneByteISR  portserial.o
    0x0800f494   0x0800f494   0x000001ae   Code   RO         2881    .text.socket        socket.o
    0x0800f642   0x0800f642   0x00000002   PAD
    0x0800f644   0x0800f644   0x00000012   Code   RO          223    .text.ulog_init     ulog.o
    0x0800f656   0x0800f656   0x00000002   PAD
    0x0800f658   0x0800f658   0x00000018   Code   RO          212    .text.ulog_init_user  log.o
    0x0800f670   0x0800f670   0x00000038   Code   RO          229    .text.ulog_level_name  ulog.o
    0x0800f6a8   0x0800f6a8   0x000000bc   Code   RO          231    .text.ulog_message  ulog.o
    0x0800f764   0x0800f764   0x000000c0   Code   RO          225    .text.ulog_subscribe  ulog.o
    0x0800f824   0x0800f824   0x000000d4   Code   RO         2645    .text.usMBCRC16     mbcrc.o
    0x0800f8f8   0x0800f8f8   0x00000134   Code   RO         2720    .text.vMBPortSerialEnable  portserial.o
    0x0800fa2c   0x0800fa2c   0x00000006   Code   RO         2750    .text.vMBPortTimersDisable  porttimer.o
    0x0800fa32   0x0800fa32   0x00000002   PAD
    0x0800fa34   0x0800fa34   0x00000018   Code   RO         2746    .text.vMBPortTimersEnable  porttimer.o
    0x0800fa4c   0x0800fa4c   0x000001ea   Code   RO         3011    .text.wiz_recv_data  w5500.o
    0x0800fc36   0x0800fc36   0x00000002   PAD
    0x0800fc38   0x0800fc38   0x00000174   Code   RO         3013    .text.wiz_recv_ignore  w5500.o
    0x0800fdac   0x0800fdac   0x000001ea   Code   RO         3009    .text.wiz_send_data  w5500.o
    0x0800ff96   0x0800ff96   0x00000002   PAD
    0x0800ff98   0x0800ff98   0x00000004   Code   RO         2923    .text.wizchip_bus_readdata  wizchip_conf.o
    0x0800ff9c   0x0800ff9c   0x00000004   Code   RO         2925    .text.wizchip_bus_writedata  wizchip_conf.o
    0x0800ffa0   0x0800ffa0   0x000000a6   Code   RO         2951    .text.wizchip_clrinterrupt  wizchip_conf.o
    0x08010046   0x08010046   0x00000002   PAD
    0x08010048   0x08010048   0x00000002   Code   RO         2915    .text.wizchip_cris_enter  wizchip_conf.o
    0x0801004a   0x0801004a   0x00000002   PAD
    0x0801004c   0x0801004c   0x00000002   Code   RO         2917    .text.wizchip_cris_exit  wizchip_conf.o
    0x0801004e   0x0801004e   0x00000002   PAD
    0x08010050   0x08010050   0x00000002   Code   RO         2921    .text.wizchip_cs_deselect  wizchip_conf.o
    0x08010052   0x08010052   0x00000002   PAD
    0x08010054   0x08010054   0x00000002   Code   RO         2919    .text.wizchip_cs_select  wizchip_conf.o
    0x08010056   0x08010056   0x00000002   PAD
    0x08010058   0x08010058   0x000001c4   Code   RO         2949    .text.wizchip_init  wizchip_conf.o
    0x0801021c   0x0801021c   0x00000004   Code   RO         2927    .text.wizchip_spi_readbyte  wizchip_conf.o
    0x08010220   0x08010220   0x00000002   Code   RO         2929    .text.wizchip_spi_writebyte  wizchip_conf.o
    0x08010222   0x08010222   0x00000002   PAD
    0x08010224   0x08010224   0x00000080   Code   RO         2947    .text.wizchip_sw_reset  wizchip_conf.o
    0x080102a4   0x080102a4   0x00000070   Code   RO         2961    .text.wizphy_setphyconf  wizchip_conf.o
    0x08010314   0x08010314   0x00000078   Code   RO         2965    .text.wizphy_setphypmode  wizchip_conf.o
    0x0801038c   0x0801038c   0x00000020   Code   RO         2709    .text.xMBPortEventGet  portevent.o
    0x080103ac   0x080103ac   0x00000010   Code   RO         2705    .text.xMBPortEventInit  portevent.o
    0x080103bc   0x080103bc   0x00000014   Code   RO         2707    .text.xMBPortEventPost  portevent.o
    0x080103d0   0x080103d0   0x00000012   Code   RO         2730    .text.xMBPortSerialGetByte  portserial.o
    0x080103e2   0x080103e2   0x00000002   PAD
    0x080103e4   0x080103e4   0x00000054   Code   RO         2722    .text.xMBPortSerialInit  portserial.o
    0x08010438   0x08010438   0x00000010   Code   RO         2728    .text.xMBPortSerialPutByte  portserial.o
    0x08010448   0x08010448   0x0000001c   Code   RO         2744    .text.xMBPortTimersInit  porttimer.o
    0x08010464   0x08010464   0x0000006a   Code   RO         2666    .text.xMBRTUReceiveFSM  mbrtu.o
    0x080104ce   0x080104ce   0x00000002   PAD
    0x080104d0   0x080104d0   0x0000002a   Code   RO         2670    .text.xMBRTUTimerT35Expired  mbrtu.o
    0x080104fa   0x080104fa   0x00000002   PAD
    0x080104fc   0x080104fc   0x00000054   Code   RO         2668    .text.xMBRTUTransmitFSM  mbrtu.o
    0x08010550   0x08010550   0x0000001c   Code   RO         2827    .text.xMBUtilGetBits  mbutils.o
    0x0801056c   0x0801056c   0x00000034   Code   RO         2825    .text.xMBUtilSetBits  mbutils.o
    0x080105a0   0x080105a0   0x00000034   Code   RO         3650    i.__0vsnprintf      mc_w.l(printfa.o)
    0x080105d4   0x080105d4   0x00000004   PAD
    0x080105d8   0x080105d8   0x000003c4   Code   RO         3386    i.__hardfp_log      m_wm.l(log.o)
    0x0801099c   0x0801099c   0x000000f8   Code   RO         3731    i.__kernel_poly     m_wm.l(poly.o)
    0x08010a94   0x08010a94   0x00000004   PAD
    0x08010a98   0x08010a98   0x00000030   Code   RO         3717    i.__mathlib_dbl_divzero  m_wm.l(dunder.o)
    0x08010ac8   0x08010ac8   0x00000014   Code   RO         3718    i.__mathlib_dbl_infnan  m_wm.l(dunder.o)
    0x08010adc   0x08010adc   0x00000004   PAD
    0x08010ae0   0x08010ae0   0x00000020   Code   RO         3720    i.__mathlib_dbl_invalid  m_wm.l(dunder.o)
    0x08010b00   0x08010b00   0x0000000e   Code   RO         3800    i.__scatterload_copy  mc_w.l(handlers.o)
    0x08010b0e   0x08010b0e   0x00000002   Code   RO         3801    i.__scatterload_null  mc_w.l(handlers.o)
    0x08010b10   0x08010b10   0x0000000e   Code   RO         3802    i.__scatterload_zeroinit  mc_w.l(handlers.o)
    0x08010b1e   0x08010b1e   0x00000002   PAD
    0x08010b20   0x08010b20   0x0000000c   Code   RO         3776    i.__set_errno       mc_w.l(errno.o)
    0x08010b2c   0x08010b2c   0x00000184   Code   RO         3652    i._fp_digits        mc_w.l(printfa.o)
    0x08010cb0   0x08010cb0   0x000006dc   Code   RO         3653    i._printf_core      mc_w.l(printfa.o)
    0x0801138c   0x0801138c   0x00000024   Code   RO         3654    i._printf_post_padding  mc_w.l(printfa.o)
    0x080113b0   0x080113b0   0x0000002e   Code   RO         3655    i._printf_pre_padding  mc_w.l(printfa.o)
    0x080113de   0x080113de   0x00000016   Code   RO         3656    i._snputc           mc_w.l(printfa.o)
    0x080113f4   0x080113f4   0x0000006c   Code   RO         3674    i.malloc            mc_w.l(malloc.o)
    0x08011460   0x08011460   0x00000038   Data   RO         3389    .constdata          m_wm.l(log.o)
    0x08011498   0x08011498   0x00000008   Data   RO         3733    .constdata          m_wm.l(qnan.o)
    0x080114a0   0x080114a0   0x00000010   Data   RO         2363    .rodata.AHBPrescTable  system_stm32g4xx.o
    0x080114b0   0x080114b0   0x00000008   Data   RO         2364    .rodata.APBPrescTable  system_stm32g4xx.o
    0x080114b8   0x080114b8   0x00000100   Data   RO         2647    .rodata.aucCRCHi    mbcrc.o
    0x080115b8   0x080115b8   0x00000100   Data   RO         2648    .rodata.aucCRCLo    mbcrc.o
    0x080116b8   0x080116b8   0x00000010   Data   RO          197    .rodata.cst16       sysmeasure.o
    0x080116c8   0x080116c8   0x00000100   Data   RO         3070    .rodata.s_CRCHi     crc.o
    0x080117c8   0x080117c8   0x00000100   Data   RO         3069    .rodata.s_CRCLo     crc.o
    0x080118c8   0x080118c8   0x0000009b   Data   RO          118    .rodata.str1.1      app_ethernet.o
    0x08011963   0x08011963   0x00000387   Data   RO          160    .rodata.str1.1      app_main.o
    0x08011cea   0x08011cea   0x0000002f   Data   RO          234    .rodata.str1.1      ulog.o
    0x08011d19   0x08011d19   0x00000003   PAD
    0x08011d1c   0x08011d1c   0x0000004c   Data   RO          159    .rodata.sysinfo_default  app_main.o
    0x08011d68   0x08011d68   0x00000020   Data   RO         3799    Region$$Table       anon$$obj.o


    Execution Region RW_IRAM1 (Exec base: 0x20000000, Load base: 0x08011d88, Size: 0x000063d0, Max: 0x00020000, ABSOLUTE, COMPRESSED[0x00000178])

    Exec Addr    Load Addr    Size         Type   Attr      Idx    E Section Name        Object

    0x20000000   COMPRESSED   0x00000004   Data   RW         3772    .data               mc_w.l(mvars.o)
    0x20000004   COMPRESSED   0x00000004   Data   RW         3773    .data               mc_w.l(mvars.o)
    0x20000008   COMPRESSED   0x00000004   Data   RW         3777    .data               mc_w.l(errno.o)
    0x2000000c   COMPRESSED   0x00000020   Data   RW          198    .data..L_MergedGlobals  sysmeasure.o
    0x2000002c   COMPRESSED   0x00000008   Data   RW          991    .data..L_MergedGlobals  stm32g4xx_hal.o
    0x20000034   COMPRESSED   0x0000003c   Data   RW         2540    .data..L_MergedGlobals  hdl_g4_uart.o
    0x20000070   COMPRESSED   0x00000020   Data   RW          678    .data.CDC_Desc      usbd_desc.o
    0x20000090   COMPRESSED   0x00000014   Data   RW         2527    .data.COM4_Dev      hdl_g4_uart.o
    0x200000a4   COMPRESSED   0x00000014   Data   RW         2528    .data.COM5_Dev      hdl_g4_uart.o
    0x200000b8   COMPRESSED   0x00000014   Data   RW         2529    .data.COM6_Dev      hdl_g4_uart.o
    0x200000cc   COMPRESSED   0x00000004   Data   RW         2362    .data.SystemCoreClock  system_stm32g4xx.o
    0x200000d0   COMPRESSED   0x00000038   Data   RW         2494    .data.USBD_CDC      usbd_cdc.o
    0x20000108   COMPRESSED   0x00000043   Data   RW         2496    .data.USBD_CDC_CfgFSDesc  usbd_cdc.o
    0x2000014b   COMPRESSED   0x00000001   PAD
    0x2000014c   COMPRESSED   0x00000043   Data   RW         2497    .data.USBD_CDC_CfgHSDesc  usbd_cdc.o
    0x2000018f   COMPRESSED   0x00000001   PAD
    0x20000190   COMPRESSED   0x00000012   Data   RW          679    .data.USBD_CDC_DeviceDesc  usbd_desc.o
    0x200001a2   COMPRESSED   0x00000002   PAD
    0x200001a4   COMPRESSED   0x0000000a   Data   RW         2495    .data.USBD_CDC_DeviceQualifierDesc  usbd_cdc.o
    0x200001ae   COMPRESSED   0x00000002   PAD
    0x200001b0   COMPRESSED   0x00000043   Data   RW         2498    .data.USBD_CDC_OtherSpeedCfgDesc  usbd_cdc.o
    0x200001f3   COMPRESSED   0x00000001   PAD
    0x200001f4   COMPRESSED   0x00000014   Data   RW          703    .data.USBD_Interface_fops_FS  usbd_cdc_if.o
    0x20000208   COMPRESSED   0x00000004   Data   RW          680    .data.USBD_LangIDDesc  usbd_desc.o
    0x2000020c   COMPRESSED   0x0000001a   Data   RW          681    .data.USBD_StringSerial  usbd_desc.o
    0x20000226   COMPRESSED   0x00000002   PAD
    0x20000228   COMPRESSED   0x0000002c   Data   RW         2987    .data.WIZCHIP       wizchip_conf.o
    0x20000254   COMPRESSED   0x00000001   Data   RW         2632    .data.eMBState      mb.o
    0x20000255   COMPRESSED   0x00000003   PAD
    0x20000258   COMPRESSED   0x00000017   Data   RW          117    .data.gWIZNETINFO   app_ethernet.o
    0x2000026f   COMPRESSED   0x00000001   PAD
    0x20000270   COMPRESSED   0x00000004   Data   RW          313    .data.g_current_channel  chip_tca9548a.o
    0x20000274   COMPRESSED   0x00000020   Data   RW         1108    .data.pFlash        stm32g4xx_hal_flash.o
    0x20000294   COMPRESSED   0x00000124   Data   RW          250    .data.s_tMsgBuffer  chip_miz043wo1rpga.o
    0x200003b8   COMPRESSED   0x00000002   Data   RW         2905    .data.sock_any_port  socket.o
    0x200003ba   COMPRESSED   0x00000002   Data   RW         2694    .data.ucRegCoilsBuf  mbcb.o
    0x200003bc   COMPRESSED   0x00000002   Data   RW         2695    .data.ucRegDiscreteBuf  mbcb.o
    0x200003be   COMPRESSED   0x00000010   Data   RW         2692    .data.usRegInputBuf  mbcb.o
    0x200003ce   COMPRESSED   0x00000002   PAD
    0x200003d0   COMPRESSED   0x00000080   Data   RW         2633    .data.xFuncHandlers  mb.o
    0x20000450        -       0x00000058   Zero   RW          161    .bss..L_MergedGlobals  app_main.o
    0x200004a8        -       0x00000004   Zero   RW          287    .bss..L_MergedGlobals  bfl_led.o
    0x200004ac        -       0x00000068   Zero   RW          441    .bss..L_MergedGlobals  adc.o
    0x20000514        -       0x00000018   Zero   RW         2592    .bss..L_MergedGlobals  hdl_g4_cpu_time.o
    0x2000052c        -       0x00000028   Zero   RW         2636    .bss..L_MergedGlobals  mb.o
    0x20000554        -       0x0000000c   Zero   RW         2673    .bss..L_MergedGlobals  mbrtu.o
    0x20000560        -       0x00000042   Zero   RW         2696    .bss..L_MergedGlobals  mbcb.o
    0x200005a2        -       0x00000002   Zero   RW         2711    .bss..L_MergedGlobals  portevent.o
    0x200005a4        -       0x00000022   Zero   RW         2816    .bss..L_MergedGlobals  mbfuncother.o
    0x200005c6        -       0x0000001c   Zero   RW         2906    .bss..L_MergedGlobals  socket.o
    0x200005e2        -       0x00000005   Zero   RW         2988    .bss..L_MergedGlobals  wizchip_conf.o
    0x200005e7   COMPRESSED   0x00000001   PAD
    0x200005e8        -       0x00000060   Zero   RW         2541    .bss..L_MergedGlobals.1  hdl_g4_uart.o
    0x20000648        -       0x00000064   Zero   RW          199    .bss..L_MergedGlobals.4  sysmeasure.o
    0x200006ac        -       0x00000004   Zero   RW          120    .bss.APP_Ethernet_Poll.s_tPollTime  app_ethernet.o
    0x200006b0        -       0x00000004   Zero   RW          133    .bss.APP_Modbus_Slaver_Poll.s_tPollTime  app_modbus_slaver.o
    0x200006b4        -       0x00000004   Zero   RW          251    .bss.CHIP_MIZ043WO1RPGA_Poll.s_tPollTime  chip_miz043wo1rpga.o
    0x200006b8        -       0x00000001   Zero   RW         2433    .bss.USBD_SetConfig.cfgidx  usbd_ctlreq.o
    0x200006b9   COMPRESSED   0x00000003   PAD
    0x200006bc        -       0x00000200   Zero   RW          682    .bss.USBD_StrDesc   usbd_desc.o
    0x200008bc        -       0x00000220   Zero   RW          646    .bss.USBD_static_malloc.mem  usbd_conf.o
    0x20000adc        -       0x00000800   Zero   RW          704    .bss.UserRxBufferFS  usbd_cdc_if.o
    0x200012dc        -       0x00000800   Zero   RW          705    .bss.UserTxBufferFS  usbd_cdc_if.o
    0x20001adc        -       0x00000028   Zero   RW          266    .bss._gAsynSysFuncs  asyn_sys.o
    0x20001b04        -       0x00000101   Zero   RW          214    .bss.buffer         log.o
    0x20001c05   COMPRESSED   0x00000003   PAD
    0x20001c08        -       0x00000800   Zero   RW          119    .bss.gDATABUF       app_ethernet.o
    0x20002408        -       0x00000030   Zero   RW          196    .bss.g_mcp4017t_104_chip_list  sysmeasure.o
    0x20002438        -       0x00000200   Zero   RW          195    .bss.g_ref_current_list  sysmeasure.o
    0x20002638        -       0x00000002   Zero   RW         2754    .bss.gusTim1Timeoutus  porttimer.o
    0x2000263a   COMPRESSED   0x00000002   PAD
    0x2000263c        -       0x000002d0   Zero   RW          657    .bss.hUsbDeviceFS   usb_device.o
    0x2000290c        -       0x0000006c   Zero   RW          432    .bss.hadc1          adc.o
    0x20002978        -       0x0000006c   Zero   RW          433    .bss.hadc2          adc.o
    0x200029e4        -       0x0000006c   Zero   RW          434    .bss.hadc3          adc.o
    0x20002a50        -       0x0000006c   Zero   RW          435    .bss.hadc4          adc.o
    0x20002abc        -       0x0000006c   Zero   RW          436    .bss.hadc5          adc.o
    0x20002b28        -       0x00000060   Zero   RW          437    .bss.hdma_adc2      adc.o
    0x20002b88        -       0x00000060   Zero   RW          438    .bss.hdma_adc3      adc.o
    0x20002be8        -       0x00000060   Zero   RW          439    .bss.hdma_adc4      adc.o
    0x20002c48        -       0x00000060   Zero   RW          440    .bss.hdma_adc5      adc.o
    0x20002ca8        -       0x00000060   Zero   RW          490    .bss.hdma_spi3_tx   spi.o
    0x20002d08        -       0x00000054   Zero   RW          465    .bss.hi2c1          i2c.o
    0x20002d5c        -       0x000002dc   Zero   RW          645    .bss.hpcd_USB_FS    usbd_conf.o
    0x20003038        -       0x00000064   Zero   RW          489    .bss.hspi3          spi.o
    0x2000309c        -       0x0000004c   Zero   RW          509    .bss.htim3          tim.o
    0x200030e8        -       0x00000190   Zero   RW         2530    .bss.m_Com1RxBuf    hdl_g4_uart.o
    0x20003278        -       0x00000190   Zero   RW         2531    .bss.m_Com1TxBuf    hdl_g4_uart.o
    0x20003408        -       0x00000190   Zero   RW         2532    .bss.m_Com2RxBuf    hdl_g4_uart.o
    0x20003598        -       0x00000190   Zero   RW         2533    .bss.m_Com2TxBuf    hdl_g4_uart.o
    0x20003728        -       0x00000064   Zero   RW         2534    .bss.m_Com3RxBuf    hdl_g4_uart.o
    0x2000378c        -       0x00000064   Zero   RW         2535    .bss.m_Com3TxBuf    hdl_g4_uart.o
    0x200037f0        -       0x00000078   Zero   RW          235    .bss.s_message      ulog.o
    0x20003868        -       0x00000030   Zero   RW          233    .bss.s_subscribers  ulog.o
    0x20003898        -       0x00001a2c   Zero   RW          194    .bss.sysmeasure_data  sysmeasure.o
    0x200052c4        -       0x00000100   Zero   RW         2672    .bss.ucRTUBuf       mbrtu.o
    0x200053c4        -       0x00000002   Zero   RW         2693    .bss.usRegInputStart  mbcb.o
    0x200053c6   COMPRESSED   0x00000002   PAD
    0x200053c8        -       0x00000004   Zero   RW          990    .bss.uwTick         stm32g4xx_hal.o
    0x200053cc   COMPRESSED   0x00000004   PAD
    0x200053d0        -       0x00000800   Zero   RW          386    HEAP                startup_stm32g473xx.o
    0x20005bd0        -       0x00000800   Zero   RW          385    STACK               startup_stm32g473xx.o


==============================================================================

Image component sizes


      Code (inc. data)   RO Data    RW Data    ZI Data      Debug   Object Name

      1672         16          0          0       1028       9321   adc.o
      1650        196        155         23       2052       7779   app_ethernet.o
      2792        164        979          0         88       9568   app_main.o
        78          0          0          0          4       1355   app_modbus_slaver.o
       264          0          0          0         40       2421   asyn_sys.o
       722          4          0          0          0       2507   average_filter.o
        70          0          0          0          0       2102   bfl_debug.o
       154          0          0          0          4       3411   bfl_led.o
         2          0          0          0          0        374   board.o
       128          0          0          0          0       5532   chip_mcp4017t_104.o
       338          0          0        292          4       2567   chip_miz043wo1rpga.o
       220         64          0          4          0       4173   chip_tca9548a.o
       276         80          0          0          0       2369   chip_tmp102.o
       212          0        512          0          0       1586   crc.o
       168          0          0          0          0       4243   dma.o
       382          0          0          0          0       3208   gpio.o
       860         20          0          0         24      12291   hdl_g4_cpu_time.o
      3698         48          0        120       1896      21475   hdl_g4_uart.o
       468          0          0          0         84       9162   i2c.o
       142         16          0          0        257       2015   log.o
       288          0          0          0          0       1975   main.o
       646          0          0        129         40       6230   mb.o
       866          0          0         20         68       5609   mbcb.o
       212          0        512          0          0       1514   mbcrc.o
       322          0          0          0          0       3105   mbfunccoils.o
       116          0          0          0          0       1864   mbfuncdisc.o
       404          0          0          0          0       3703   mbfuncholding.o
       106          0          0          0          0       1815   mbfuncinput.o
        32          0          0          0         34       2147   mbfuncother.o
       590          6          0          0        268       4173   mbrtu.o
       106          0          0          0          0       2417   mbutils.o
       188          0          0          0          0       7838   mqueue.o
       132         36          0          0          0       1078   ntc_resistance.o
        68          0          0          0          2       1220   portevent.o
       462          0          0          0          0       4244   portserial.o
        70          0          0          0          2       1514   porttimer.o
      1528          0          0          2         28       9947   socket.o
       238          0          0          0        196       5758   spi.o
        36          8        472          0       4096        848   startup_stm32g473xx.o
       200          0          0          8          4       9835   stm32g4xx_hal.o
      2452          0          0          0          0      28470   stm32g4xx_hal_adc.o
       520          0          0          0          0      22901   stm32g4xx_hal_adc_ex.o
       246          0          0          0          0      10769   stm32g4xx_hal_cortex.o
       826          0          0          0          0       9389   stm32g4xx_hal_dma.o
       596          0          0         32          0       8845   stm32g4xx_hal_flash.o
       584          0          0          0          0       9322   stm32g4xx_hal_flash_ex.o
       438          0          0          0          0       5283   stm32g4xx_hal_gpio.o
      5014          0          0          0          0      58156   stm32g4xx_hal_i2c.o
       146          0          0          0          0       6590   stm32g4xx_hal_i2c_ex.o
        52          0          0          0          0       1788   stm32g4xx_hal_msp.o
      3510          0          0          0          0      16201   stm32g4xx_hal_pcd.o
       100          0          0          0          0       5641   stm32g4xx_hal_pcd_ex.o
       312          0          0          0          0       9570   stm32g4xx_hal_pwr_ex.o
      1982          0          0          0          0      10112   stm32g4xx_hal_rcc.o
       726          0          0          0          0      11207   stm32g4xx_hal_rcc_ex.o
      2800          0          0          0          0      26325   stm32g4xx_hal_spi.o
      1140          0          0          0          0      61142   stm32g4xx_hal_tim.o
       222          0          0          0          0      30394   stm32g4xx_hal_tim_ex.o
       128          0          0          0          0       7716   stm32g4xx_it.o
       226          0          0          0          0       4005   stm32g4xx_ll_gpio.o
      1212          0          0          0          0      22679   stm32g4xx_ll_rcc.o
      1194          0          0          0          0      14330   stm32g4xx_ll_tim.o
       348         48          0          0          0       6186   stm32g4xx_ll_usart.o
      3520          4          0          0          0      20913   stm32g4xx_ll_usb.o
        70          0          0          0          0      11905   stm32g4xx_ll_utils.o
      4540         80         16         32       7360      24939   sysmeasure.o
        18          0         24          4          0       2817   system_stm32g4xx.o
       366          0          0          0         76       8592   tim.o
       454         36         47          0        168       3495   ulog.o
       114          0          0          0        720       3124   usb_device.o
       880         12          0        267          0      10673   usbd_cdc.o
       138          0          0         20       4096       4848   usbd_cdc_if.o
       828          0          0          0       1276      19239   usbd_conf.o
       684          0          0          0          0       8483   usbd_core.o
      1594         44          0          0          1      10058   usbd_ctlreq.o
       560         72          0         80        512       4373   usbd_desc.o
       128          0          0          0          0       4660   usbd_ioreq.o
      2712          0          0          0          0       8633   w5500.o
      2040         40          0         44          5      14336   wizchip_conf.o

    ----------------------------------------------------------------------
     64668        994       2752       1092      24448     732402   Object Totals
         0          0         32          0          0          0   (incl. Generated)
       342          0          3         15         15          0   (incl. Padding)

    ----------------------------------------------------------------------

      Code (inc. data)   RO Data    RW Data    ZI Data      Debug   Library Member Name

       100         28          0          0          0        372   dunder.o
       964         92         56          0          0        316   log.o
       248          0          0          0          0        152   poly.o
         0          0          8          0          0          0   qnan.o
        86          0          0          0          0          0   __dczerorl2.o
         0          0          0          0          0          0   entry.o
         0          0          0          0          0          0   entry10a.o
         0          0          0          0          0          0   entry11a.o
         8          4          0          0          0          0   entry2.o
         4          0          0          0          0          0   entry5.o
         0          0          0          0          0          0   entry7b.o
         0          0          0          0          0          0   entry8b.o
         8          4          0          0          0          0   entry9a.o
        12          6          0          4          0         68   errno.o
        30          0          0          0          0          0   handlers.o
        36          8          0          0          0         68   init.o
         0          0          0          0          0          0   iusefp.o
        30          0          0          0          0         68   llshl.o
        36          0          0          0          0         68   llsshr.o
        32          0          0          0          0         68   llushr.o
       108         16          0          0          0         84   malloc.o
        26          0          0          0          0         80   memcmp.o
        36          0          0          0          0         68   memcpya.o
        36          0          0          0          0        108   memseta.o
         0          0          0          8          0          0   mvars.o
      2300         86          0          0          0        516   printfa.o
        44          0          0          0          0         80   uidiv.o
        98          0          0          0          0         92   uldiv.o
        48          0          0          0          0         68   cdcmple.o
        48          0          0          0          0         68   cdrcmple.o
        56          0          0          0          0         88   d2f.o
       334          0          0          0          0        148   dadd.o
       222          0          0          0          0        100   ddiv.o
       186          0          0          0          0        176   depilogue.o
        48          0          0          0          0         68   dfixul.o
        34          0          0          0          0         76   dflti.o
       228          0          0          0          0         96   dmul.o
        38          0          0          0          0         68   f2d.o
       110          0          0          0          0        168   fepilogue.o

    ----------------------------------------------------------------------
      5612        248         64         12          0       3332   Library Totals
        18          4          0          0          0          0   (incl. Padding)

    ----------------------------------------------------------------------

      Code (inc. data)   RO Data    RW Data    ZI Data      Debug   Library Name

      1312        120         64          0          0        840   m_wm.l
      2930        124          0         12          0       1368   mc_w.l
      1352          0          0          0          0       1124   mf_w.l

    ----------------------------------------------------------------------
      5612        248         64         12          0       3332   Library Totals

    ----------------------------------------------------------------------

==============================================================================


      Code (inc. data)   RO Data    RW Data    ZI Data      Debug   

     70280       1242       2816       1104      24448     732778   Grand Totals
     70280       1242       2816        376      24448     732778   ELF Image Totals (compressed)
     70280       1242       2816        376          0          0   ROM Totals

==============================================================================

    Total RO  Size (Code + RO Data)                73096 (  71.38kB)
    Total RW  Size (RW Data + ZI Data)             25552 (  24.95kB)
    Total ROM Size (Code + RO Data + RW Data)      73472 (  71.75kB)

==============================================================================

