<html>
<body>
<pre>
<h1>礦ision Build Log</h1>
<h2>Tool Versions:</h2>
IDE-Version: μVision V5.39.0.0
Copyright (C) 2023 ARM Ltd and ARM Germany GmbH. All rights reserved.
License Information: a a, a, LIC=EXJT4-FCZFS-EVP1R-KXZF4-0NQ0K-6CABG
 
Tool Versions:
Toolchain:       MDK-ARM Plus  Version: 5.39.0.0
Toolchain Path:  C:\DevTools\Keil_v5\ARM\ArmCompilerforEmbedded6.19\Bin
C Compiler:      ArmClang.exe V6.19
Assembler:       Armasm.exe V6.19
Linker/Locator:  ArmLink.exe V6.19
Library Manager: ArmAr.exe V6.19
Hex Converter:   FromElf.exe V6.19
CPU DLL:         SARMCM3.DLL V5.39.0.0
Dialog DLL:      DCM.DLL V1.17.5.0
Target DLL:      CMSIS_AGDI.dll V1.33.16.0
Dialog DLL:      TCM.DLL V1.56.4.0
 
<h2>Project:</h2>
C:\Users\liuyu\Desktop\485温度板子程序开发\V3.0\G473_HDL\MDK-ARM\G473_HDL.uvprojx
Project File Date:  03/31/2024

<h2>Output:</h2>
*** Using Compiler 'V6.19', folder: 'C:\DevTools\Keil_v5\ARM\ArmCompilerforEmbedded6.19\Bin'
Build target 'G473_HDL'
compiling ulog.c...
compiling asyn_sys.c...
../Ethernet/Application/dns.c(313): warning: 'memset' call operates on objects of type 'struct dhdr' while the size is based on a different type 'struct dhdr *' [-Wsizeof-pointer-memaccess]
        memset(pdhdr, 0, sizeof(pdhdr));
               ~~~~~            ^~~~~
../Ethernet/Application/dns.c(313): note: did you mean to dereference the argument to 'sizeof' (and multiply it by the number of elements)?
        memset(pdhdr, 0, sizeof(pdhdr));
                                ^~~~~
1 warning generated.
compiling dns.c...
compiling log.c...
compiling APP_Modbus_Slaver.c...
compiling CHIP_TCA9548A.c...
compiling APP_Ethernet.c...
compiling CHIP_MIZ043WO1RPGA.c...
compiling CHIP_MCP4017T_104.c...
compiling CHIP_TTL_Screen.c...
compiling BFL_LED.c...
compiling dhcp.c...
compiling CHIP_TMP102.c...
compiling APP_Main.c...
compiling SysMeasure.c...
compiling BFL_Debug.c...
compiling tmp102.c...
compiling gpio.c...
compiling main.c...
compiling usbd_conf.c...
compiling usbd_desc.c...
compiling usb_device.c...
compiling dma.c...
compiling iwdg.c...
compiling i2c.c...
compiling stm32g4xx_it.c...
compiling spi.c...
compiling usbd_cdc_if.c...
compiling stm32g4xx_hal_msp.c...
compiling tim.c...
compiling usart.c...
compiling adc.c...
compiling stm32g4xx_ll_gpio.c...
compiling stm32g4xx_ll_exti.c...
compiling stm32g4xx_ll_utils.c...
compiling stm32g4xx_hal_pcd_ex.c...
compiling stm32g4xx_hal.c...
compiling stm32g4xx_hal_rcc.c...
compiling stm32g4xx_hal_flash.c...
compiling stm32g4xx_hal_flash_ramfunc.c...
compiling stm32g4xx_hal_gpio.c...
compiling stm32g4xx_hal_rcc_ex.c...
compiling stm32g4xx_hal_exti.c...
compiling stm32g4xx_hal_dma.c...
compiling stm32g4xx_hal_pcd.c...
compiling stm32g4xx_hal_flash_ex.c...
compiling stm32g4xx_ll_usb.c...
compiling stm32g4xx_hal_pwr.c...
compiling stm32g4xx_hal_dma_ex.c...
compiling stm32g4xx_hal_pwr_ex.c...
compiling stm32g4xx_hal_cortex.c...
compiling stm32g4xx_ll_dma.c...
compiling stm32g4xx_ll_adc.c...
compiling stm32g4xx_hal_i2c_ex.c...
compiling stm32g4xx_hal_adc.c...
compiling stm32g4xx_hal_spi_ex.c...
compiling stm32g4xx_hal_adc_ex.c...
compiling stm32g4xx_ll_usart.c...
compiling system_stm32g4xx.c...
compiling stm32g4xx_ll_tim.c...
compiling usbd_core.c...
compiling stm32g4xx_ll_rcc.c...
compiling stm32g4xx_hal_spi.c...
compiling stm32g4xx_hal_tim_ex.c...
compiling usbd_ioreq.c...
compiling usbd_ctlreq.c...
compiling usbd_cdc.c...
compiling stm32g4xx_hal_i2c.c...
compiling HDL_G4_Uart_test.c...
compiling HDL_G4_Uart.c...
compiling HDL_G4_CPU_Time.c...
compiling HDL_G4_CPU_Time_test.c...
compiling stm32g4xx_hal_tim.c...
compiling mb.c...
compiling mbcrc.c...
compiling mbrtu.c...
compiling portevent.c...
compiling mbfuncdiag.c...
compiling mbcb.c...
compiling portserial.c...
compiling porttimer.c...
compiling mbfunccoils.c...
compiling mbfuncdisc.c...
compiling mbfuncother.c...
compiling mbfuncholding.c...
compiling mbfuncinput.c...
compiling mbutils.c...
compiling mbtcp.c...
compiling porttcp.c...
../Ethernet/socket.c(247): warning: while loop has empty body [-Wempty-body]
        while(getSn_CR(sn));
                           ^
../Ethernet/socket.c(247): note: put the semicolon on a separate line to silence this warning
../Ethernet/socket.c(560): warning: while loop has empty body [-Wempty-body]
        while(getSn_CR(sn));
                           ^
../Ethernet/socket.c(560): note: put the semicolon on a separate line to silence this warning
../Ethernet/socket.c(647): warning: while loop has empty body [-Wempty-body]
                        while(getSn_CR(sn));
                                           ^
../Ethernet/socket.c(647): note: put the semicolon on a separate line to silence this warning
../Ethernet/socket.c(701): warning: while loop has empty body [-Wempty-body]
                        while(getSn_CR(sn));
                                           ^
../Ethernet/socket.c(701): note: put the semicolon on a separate line to silence this warning
4 warnings generated.
compiling socket.c...
compiling wizchip_conf.c...
compiling circular_array_queu.c...
../LIB/circular_array_queu_test.c(11): warning: passing 'char[5]' to parameter of type 'const uint8_t *' (aka 'const unsigned char *') converts between pointers to integer types where one is of the unique plain 'char' type and the other is not [-Wpointer-sign]
    c_arr_queue_in(&queue, "1234", 4);
                           ^~~~~~
../LIB/circular_array_queu.h(19): note: passing argument to parameter 'pBuf' here
uint32_t c_arr_queue_in(CircularArrayQueue Q, const ElementType *pBuf, uint32_t bufSize);
                                                                 ^
../LIB/circular_array_queu_test.c(12): warning: passing 'char[2]' to parameter of type 'const uint8_t *' (aka 'const unsigned char *') converts between pointers to integer types where one is of the unique plain 'char' type and the other is not [-Wpointer-sign]
    c_arr_queue_enqueue(&queue, "5");
                                ^~~
../LIB/circular_array_queu.h(17): note: passing argument to parameter 'pX' here
uint8_t c_arr_queue_enqueue(CircularArrayQueue Q, const ElementType *pX);
                                                                     ^
../LIB/circular_array_queu_test.c(20): warning: passing 'char[5]' to parameter of type 'const uint8_t *' (aka 'const unsigned char *') converts between pointers to integer types where one is of the unique plain 'char' type and the other is not [-Wpointer-sign]
    c_arr_queue_in(&queue, "1234", 4);
                           ^~~~~~
../LIB/circular_array_queu.h(19): note: passing argument to parameter 'pBuf' here
uint32_t c_arr_queue_in(CircularArrayQueue Q, const ElementType *pBuf, uint32_t bufSize);
                                                                 ^
../LIB/circular_array_queu_test.c(22): warning: passing 'char[2]' to parameter of type 'const uint8_t *' (aka 'const unsigned char *') converts between pointers to integer types where one is of the unique plain 'char' type and the other is not [-Wpointer-sign]
    c_arr_queue_enqueue(&queue, "5");
                                ^~~
../LIB/circular_array_queu.h(17): note: passing argument to parameter 'pX' here
uint8_t c_arr_queue_enqueue(CircularArrayQueue Q, const ElementType *pX);
                                                                     ^
4 warnings generated.
compiling circular_array_queu_test.c...
compiling w5500.c...
compiling crc.c...
compiling board.c...
compiling sc_byte_buffer.c...
compiling sc_list.c...
compiling mQueue.c...
compiling average_filter.c...
compiling mytime.c...
compiling modbus_test.c...
compiling test.c...
compiling kalman_filter.c...
compiling ntc_resistance.c...
compiling modbus_host.c...
linking...
Program Size: Code=70280 RO-data=2816 RW-data=1104 ZI-data=24448  
FromELF: creating hex file...
"G473_HDL\G473_HDL.axf" - 0 Error(s), 9 Warning(s).

<h2>Software Packages used:</h2>

Package Vendor: ARM
                http://www.keil.com/pack/ARM.CMSIS.5.9.0.pack
                ARM::CMSIS@5.9.0
                CMSIS (Common Microcontroller Software Interface Standard)
   * Component: CORE Version: 5.6.0

Package Vendor: Keil
                http://www.keil.com/pack/Keil.STM32G4xx_DFP.1.2.0.pack
                Keil::STM32G4xx_DFP@1.2.0
                STMicroelectronics STM32G4 Series Device Support, Drivers and Examples

<h2>Collection of Component include folders:</h2>
  ./RTE/_G473_HDL
  C:/DevTools/Arm/Packs/ARM/CMSIS/5.9.0/CMSIS/Core/Include
  C:/DevTools/Arm/Packs/Keil/STM32G4xx_DFP/1.2.0/Drivers/CMSIS/Device/ST/STM32G4xx/Include

<h2>Collection of Component Files used:</h2>

   * Component: ARM::CMSIS:CORE@5.6.0
      Include file:  CMSIS/Core/Include/tz_context.h
Build Time Elapsed:  00:00:10
</pre>
</body>
</html>
