<html>
<body>
<pre>
<h1>礦ision Build Log</h1>
<h2>Tool Versions:</h2>
IDE-Version: μVision V5.39.0.0
Copyright (C) 2023 ARM Ltd and ARM Germany GmbH. All rights reserved.
License Information: a a, a, LIC=EXJT4-FCZFS-EVP1R-KXZF4-0NQ0K-6CABG
 
Tool Versions:
Toolchain:       MDK-ARM Plus  Version: 5.39.0.0
Toolchain Path:  C:\DevTools\Keil_v5\ARM\ArmCompilerforEmbedded6.19\Bin
C Compiler:      ArmClang.exe V6.19
Assembler:       Armasm.exe V6.19
Linker/Locator:  ArmLink.exe V6.19
Library Manager: ArmAr.exe V6.19
Hex Converter:   FromElf.exe V6.19
CPU DLL:         SARMCM3.DLL V5.39.0.0
Dialog DLL:      DCM.DLL V1.17.5.0
Target DLL:      CMSIS_AGDI.dll V1.33.16.0
Dialog DLL:      TCM.DLL V1.56.4.0
 
<h2>Project:</h2>
C:\Users\liuyu\Desktop\485温度板子程序开发\V3.0\G473_HDL\MDK-ARM\G473_HDL.uvprojx
Project File Date:  03/30/2024

<h2>Output:</h2>
*** Using Compiler 'V6.19', folder: 'C:\DevTools\Keil_v5\ARM\ArmCompilerforEmbedded6.19\Bin'
Build target 'G473_HDL'
compiling mbcb.c...
compiling test.c...
compiling SysMeasure.c...
linking...
Program Size: Code=76112 RO-data=1548 RW-data=812 ZI-data=21948  
FromELF: creating hex file...
"G473_HDL\G473_HDL.axf" - 0 Error(s), 0 Warning(s).

<h2>Software Packages used:</h2>

Package Vendor: ARM
                http://www.keil.com/pack/ARM.CMSIS.5.9.0.pack
                ARM::CMSIS@5.9.0
                CMSIS (Common Microcontroller Software Interface Standard)
   * Component: CORE Version: 5.6.0

Package Vendor: Keil
                http://www.keil.com/pack/Keil.STM32G4xx_DFP.1.2.0.pack
                Keil::STM32G4xx_DFP@1.2.0
                STMicroelectronics STM32G4 Series Device Support, Drivers and Examples

<h2>Collection of Component include folders:</h2>
  ./RTE/_G473_HDL
  C:/DevTools/Arm/Packs/ARM/CMSIS/5.9.0/CMSIS/Core/Include
  C:/DevTools/Arm/Packs/Keil/STM32G4xx_DFP/1.2.0/Drivers/CMSIS/Device/ST/STM32G4xx/Include

<h2>Collection of Component Files used:</h2>

   * Component: ARM::CMSIS:CORE@5.6.0
      Include file:  CMSIS/Core/Include/tz_context.h
Build Time Elapsed:  00:00:02
</pre>
</body>
</html>
